Component: Arm Compiler for Embedded 6.19 Tool: armlink [5e73cb00]

==============================================================================

Section Cross References

    startup_stm32f103xb.o(STACK) refers (Special) to heapauxi.o(.text) for __use_two_region_memory
    startup_stm32f103xb.o(HEAP) refers (Special) to heapauxi.o(.text) for __use_two_region_memory
    startup_stm32f103xb.o(RESET) refers (Special) to heapauxi.o(.text) for __use_two_region_memory
    startup_stm32f103xb.o(RESET) refers to startup_stm32f103xb.o(STACK) for __initial_sp
    startup_stm32f103xb.o(RESET) refers to startup_stm32f103xb.o(.text) for Reset_Handler
    startup_stm32f103xb.o(RESET) refers to stm32f1xx_it.o(.text.NMI_Handler) for NMI_Handler
    startup_stm32f103xb.o(RESET) refers to stm32f1xx_it.o(.text.HardFault_Handler) for HardFault_Handler
    startup_stm32f103xb.o(RESET) refers to stm32f1xx_it.o(.text.MemManage_Handler) for MemManage_Handler
    startup_stm32f103xb.o(RESET) refers to stm32f1xx_it.o(.text.BusFault_Handler) for BusFault_Handler
    startup_stm32f103xb.o(RESET) refers to stm32f1xx_it.o(.text.UsageFault_Handler) for UsageFault_Handler
    startup_stm32f103xb.o(RESET) refers to stm32f1xx_it.o(.text.SVC_Handler) for SVC_Handler
    startup_stm32f103xb.o(RESET) refers to stm32f1xx_it.o(.text.DebugMon_Handler) for DebugMon_Handler
    startup_stm32f103xb.o(RESET) refers to stm32f1xx_it.o(.text.PendSV_Handler) for PendSV_Handler
    startup_stm32f103xb.o(RESET) refers to stm32f1xx_it.o(.text.SysTick_Handler) for SysTick_Handler
    startup_stm32f103xb.o(RESET) refers to stm32f1xx_it.o(.text.TIM2_IRQHandler) for TIM2_IRQHandler
    startup_stm32f103xb.o(RESET) refers to stm32f1xx_it.o(.text.TIM3_IRQHandler) for TIM3_IRQHandler
    startup_stm32f103xb.o(RESET) refers to stm32f1xx_it.o(.text.TIM4_IRQHandler) for TIM4_IRQHandler
    startup_stm32f103xb.o(.text) refers (Special) to heapauxi.o(.text) for __use_two_region_memory
    startup_stm32f103xb.o(.text) refers to system_stm32f1xx.o(.text.SystemInit) for SystemInit
    startup_stm32f103xb.o(.text) refers to __main.o(!!!main) for __main
    startup_stm32f103xb.o(.text) refers to startup_stm32f103xb.o(HEAP) for Heap_Mem
    startup_stm32f103xb.o(.text) refers to startup_stm32f103xb.o(STACK) for Stack_Mem
    cd74hc4067.o(.text.initMultiplexer) refers to h1_alloc.o(.text) for malloc
    cd74hc4067.o(.text.initMultiplexer) refers to stm32f1xx_hal_gpio.o(.text.HAL_GPIO_WritePin) for HAL_GPIO_WritePin
    cd74hc4067.o(.ARM.exidx.text.initMultiplexer) refers to cd74hc4067.o(.text.initMultiplexer) for [Anonymous Symbol]
    cd74hc4067.o(.text.setEnableMultiplexer) refers to stm32f1xx_hal_gpio.o(.text.HAL_GPIO_WritePin) for HAL_GPIO_WritePin
    cd74hc4067.o(.ARM.exidx.text.setEnableMultiplexer) refers to cd74hc4067.o(.text.setEnableMultiplexer) for [Anonymous Symbol]
    cd74hc4067.o(.text.setMultiplexerChannel) refers to stm32f1xx_hal_gpio.o(.text.HAL_GPIO_WritePin) for HAL_GPIO_WritePin
    cd74hc4067.o(.ARM.exidx.text.setMultiplexerChannel) refers to cd74hc4067.o(.text.setMultiplexerChannel) for [Anonymous Symbol]
    cd74hc4067.o(.text.deleteMultiplexer) refers to h1_free.o(.text) for free
    cd74hc4067.o(.ARM.exidx.text.deleteMultiplexer) refers to cd74hc4067.o(.text.deleteMultiplexer) for [Anonymous Symbol]
    audio.o(.text.change_octave) refers to audio.o(.data..L_MergedGlobals) for .L_MergedGlobals
    audio.o(.ARM.exidx.text.change_octave) refers to audio.o(.text.change_octave) for [Anonymous Symbol]
    audio.o(.text.change_volume) refers to audio.o(.data.volume) for volume
    audio.o(.ARM.exidx.text.change_volume) refers to audio.o(.text.change_volume) for [Anonymous Symbol]
    audio.o(.text.create_sound) refers to calloc.o(.text) for calloc
    audio.o(.ARM.exidx.text.create_sound) refers to audio.o(.text.create_sound) for [Anonymous Symbol]
    audio.o(.text.wait) refers to powf.o(i.powf) for powf
    audio.o(.text.wait) refers to fdiv.o(x$fpl$fdiv) for __aeabi_fdiv
    audio.o(.text.wait) refers to audio.o(.data..L_MergedGlobals) for .L_MergedGlobals
    audio.o(.text.wait) refers to fflt_clz.o(x$fpl$ffltu) for __aeabi_ui2f
    audio.o(.text.wait) refers to fmul.o(x$fpl$fmul) for __aeabi_fmul
    audio.o(.text.wait) refers to fmodf.o(i.fmodf) for fmodf
    audio.o(.text.wait) refers to ffix.o(x$fpl$ffix) for __aeabi_f2iz
    audio.o(.text.wait) refers to audio.o(.rodata.pseudo_cos) for pseudo_cos
    audio.o(.ARM.exidx.text.wait) refers to audio.o(.text.wait) for [Anonymous Symbol]
    audio.o(.text.signal) refers to fdiv.o(x$fpl$fdiv) for __aeabi_fdiv
    audio.o(.text.signal) refers to fcmp.o(x$fpl$fcmp) for __aeabi_fcmpgt
    audio.o(.ARM.exidx.text.signal) refers to audio.o(.text.signal) for [Anonymous Symbol]
    audio.o(.text.delete_sound) refers to h1_free.o(.text) for free
    audio.o(.ARM.exidx.text.delete_sound) refers to audio.o(.text.delete_sound) for [Anonymous Symbol]
[...]
    .text                                    0x08000418   Section        0  maybetermalloc1.o(.text)
    .text                                    0x08000418   Section        0  h1_extend.o(.text)
    .text                                    0x0800044c   Section        0  defsig_rtmem_outer.o(.text)
    .text                                    0x0800045a   Section        2  use_no_semi.o(.text)
    .text                                    0x0800045c   Section        0  indicate_semi.o(.text)
    .text                                    0x0800045c   Section       74  sys_stackheap_outer.o(.text)
    .text                                    0x080004a6   Section        0  exit.o(.text)
    .text                                    0x080004b8   Section        0  defsig_exit.o(.text)
    .text                                    0x080004c4   Section        0  defsig_rtmem_inner.o(.text)
    .text                                    0x08000514   Section        0  sys_exit.o(.text)
    .text                                    0x08000520   Section        0  defsig_general.o(.text)
    .text                                    0x08000552   Section        0  sys_wrch.o(.text)
    [Anonymous Symbol]                       0x08000560   Section        0  stm32f1xx_hal_adc.o(.text.ADC_ConversionStop_Disable)
    [Anonymous Symbol]                       0x080005b4   Section        0  stm32f1xx_hal_adc.o(.text.ADC_Enable)
    [Anonymous Symbol]                       0x0800066c   Section        0  stm32f1xx_it.o(.text.BusFault_Handler)
    [Anonymous Symbol]                       0x08000670   Section        0  stm32f1xx_it.o(.text.DebugMon_Handler)
    [Anonymous Symbol]                       0x08000674   Section        0  main.o(.text.Error_Handler)
    [Anonymous Symbol]                       0x08000680   Section        0  stm32f1xx_hal_adc_ex.o(.text.HAL_ADCEx_Calibration_Start)
    [Anonymous Symbol]                       0x08000794   Section        0  stm32f1xx_hal_adc.o(.text.HAL_ADC_ConfigChannel)
    [Anonymous Symbol]                       0x08000920   Section        0  stm32f1xx_hal_adc.o(.text.HAL_ADC_GetValue)
    [Anonymous Symbol]                       0x08000928   Section        0  stm32f1xx_hal_adc.o(.text.HAL_ADC_Init)
    [Anonymous Symbol]                       0x08000a84   Section        0  adc.o(.text.HAL_ADC_MspInit)
    [Anonymous Symbol]                       0x08000ae8   Section        0  stm32f1xx_hal_adc.o(.text.HAL_ADC_PollForConversion)
    [Anonymous Symbol]                       0x08000d50   Section        0  stm32f1xx_hal_adc.o(.text.HAL_ADC_Start)
    [Anonymous Symbol]                       0x08000e1c   Section        0  stm32f1xx_hal_adc.o(.text.HAL_ADC_Stop)
    [Anonymous Symbol]                       0x08000e9c   Section        0  stm32f1xx_hal.o(.text.HAL_Delay)
    [Anonymous Symbol]                       0x08000ec4   Section        0  stm32f1xx_hal_gpio.o(.text.HAL_GPIO_Init)
    [Anonymous Symbol]                       0x080010e0   Section        0  stm32f1xx_hal_gpio.o(.text.HAL_GPIO_ReadPin)
    [Anonymous Symbol]                       0x080010ec   Section        0  stm32f1xx_hal_gpio.o(.text.HAL_GPIO_TogglePin)
    [Anonymous Symbol]                       0x080010fc   Section        0  stm32f1xx_hal_gpio.o(.text.HAL_GPIO_WritePin)
    [Anonymous Symbol]                       0x08001108   Section        0  stm32f1xx_hal.o(.text.HAL_GetTick)
    [Anonymous Symbol]                       0x08001114   Section        0  stm32f1xx_hal_i2c.o(.text.HAL_I2C_Init)
    [Anonymous Symbol]                       0x0800128c   Section        0  stm32f1xx_hal_i2c.o(.text.HAL_I2C_Mem_Write)
    [Anonymous Symbol]                       0x08001468   Section        0  i2c.o(.text.HAL_I2C_MspInit)
    [Anonymous Symbol]                       0x080014cc   Section        0  stm32f1xx_hal.o(.text.HAL_IncTick)
    [Anonymous Symbol]                       0x080014e8   Section        0  stm32f1xx_hal.o(.text.HAL_Init)
    [Anonymous Symbol]                       0x08001510   Section        0  stm32f1xx_hal.o(.text.HAL_InitTick)
    [Anonymous Symbol]                       0x08001558   Section        0  stm32f1xx_hal_msp.o(.text.HAL_MspInit)
    [Anonymous Symbol]                       0x0800159c   Section        0  stm32f1xx_hal_cortex.o(.text.HAL_NVIC_EnableIRQ)
    [Anonymous Symbol]                       0x080015c4   Section        0  stm32f1xx_hal_cortex.o(.text.HAL_NVIC_SetPriority)
    [Anonymous Symbol]                       0x0800161c   Section        0  stm32f1xx_hal_cortex.o(.text.HAL_NVIC_SetPriorityGrouping)
    [Anonymous Symbol]                       0x0800163c   Section        0  stm32f1xx_hal_rcc_ex.o(.text.HAL_RCCEx_GetPeriphCLKFreq)
    [Anonymous Symbol]                       0x0800172c   Section        0  stm32f1xx_hal_rcc_ex.o(.text.HAL_RCCEx_PeriphCLKConfig)
    [Anonymous Symbol]                       0x08001838   Section        0  stm32f1xx_hal_rcc.o(.text.HAL_RCC_ClockConfig)
    [Anonymous Symbol]                       0x080019f8   Section        0  stm32f1xx_hal_rcc.o(.text.HAL_RCC_GetPCLK1Freq)
    [Anonymous Symbol]                       0x08001a20   Section        0  stm32f1xx_hal_rcc.o(.text.HAL_RCC_GetPCLK2Freq)
    [Anonymous Symbol]                       0x08001a48   Section        0  stm32f1xx_hal_rcc.o(.text.HAL_RCC_OscConfig)
    [Anonymous Symbol]                       0x08001dfc   Section        0  stm32f1xx_hal_cortex.o(.text.HAL_SYSTICK_Config)
    [Anonymous Symbol]                       0x08001e28   Section        0  stm32f1xx_hal_tim_ex.o(.text.HAL_TIMEx_BreakCallback)
    [Anonymous Symbol]                       0x08001e2c   Section        0  stm32f1xx_hal_tim_ex.o(.text.HAL_TIMEx_CommutCallback)
    [Anonymous Symbol]                       0x08001e30   Section        0  stm32f1xx_hal_tim_ex.o(.text.HAL_TIMEx_ConfigBreakDeadTime)
    [Anonymous Symbol]                       0x08001e7c   Section        0  stm32f1xx_hal_tim_ex.o(.text.HAL_TIMEx_MasterConfigSynchronization)
    [Anonymous Symbol]                       0x08001ef8   Section        0  stm32f1xx_hal_tim.o(.text.HAL_TIM_Base_Init)
    [Anonymous Symbol]                       0x08001fe4   Section        0  tim.o(.text.HAL_TIM_Base_MspInit)
    [Anonymous Symbol]                       0x080020d4   Section        0  stm32f1xx_hal_tim.o(.text.HAL_TIM_Base_Start_IT)
    [Anonymous Symbol]                       0x08002144   Section        0  stm32f1xx_hal_tim.o(.text.HAL_TIM_ConfigClockSource)
    [Anonymous Symbol]                       0x080022d8   Section        0  stm32f1xx_hal_tim.o(.text.HAL_TIM_IC_CaptureCallback)
    [Anonymous Symbol]                       0x080022dc   Section        0  stm32f1xx_hal_tim.o(.text.HAL_TIM_IRQHandler)
    [Anonymous Symbol]                       0x0800244c   Section        0  stm32f1xx_hal_tim.o(.text.HAL_TIM_OC_DelayElapsedCallback)
    [Anonymous Symbol]                       0x08002450   Section        0  stm32f1xx_hal_tim.o(.text.HAL_TIM_PWM_ConfigChannel)
    [Anonymous Symbol]                       0x0800264c   Section        0  stm32f1xx_hal_tim.o(.text.HAL_TIM_PWM_Init)
    [Anonymous Symbol]                       0x08002738   Section        0  stm32f1xx_hal_tim.o(.text.HAL_TIM_PWM_MspInit)
    [Anonymous Symbol]                       0x0800273c   Section        0  stm32f1xx_hal_tim.o(.text.HAL_TIM_PWM_PulseFinishedCallback)
    [Anonymous Symbol]                       0x08002740   Section        0  stm32f1xx_hal_tim.o(.text.HAL_TIM_PWM_Start)
    [Anonymous Symbol]                       0x08002820   Section        0  stm32f1xx_hal_tim.o(.text.HAL_TIM_PeriodElapsedCallback)
    [Anonymous Symbol]                       0x08002824   Section        0  stm32f1xx_hal_tim.o(.text.HAL_TIM_TriggerCallback)
    [Anonymous Symbol]                       0x08002828   Section        0  stm32f1xx_it.o(.text.HardFault_Handler)
    I2C_RequestMemoryWrite                   0x0800282d   Thumb Code   626  stm32f1xx_hal_i2c.o(.text.I2C_RequestMemoryWrite)
    [Anonymous Symbol]                       0x0800282c   Section        0  stm32f1xx_hal_i2c.o(.text.I2C_RequestMemoryWrite)
    I2C_WaitOnBTFFlagUntilTimeout            0x08002aa1   Thumb Code   168  stm32f1xx_hal_i2c.o(.text.I2C_WaitOnBTFFlagUntilTimeout)
    [Anonymous Symbol]                       0x08002aa0   Section        0  stm32f1xx_hal_i2c.o(.text.I2C_WaitOnBTFFlagUntilTimeout)
    [Anonymous Symbol]                       0x08002b48   Section        0  adc.o(.text.MX_ADC1_Init)
    [Anonymous Symbol]                       0x08002ba0   Section        0  gpio.o(.text.MX_GPIO_Init)
    [Anonymous Symbol]                       0x08002c54   Section        0  i2c.o(.text.MX_I2C1_Init)
    [Anonymous Symbol]                       0x08002c98   Section        0  tim.o(.text.MX_TIM1_Init)
    [Anonymous Symbol]                       0x08002dec   Section        0  tim.o(.text.MX_TIM2_Init)
    [Anonymous Symbol]                       0x08002e60   Section        0  tim.o(.text.MX_TIM3_Init)
    [Anonymous Symbol]                       0x08002ed4   Section        0  tim.o(.text.MX_TIM4_Init)
    [Anonymous Symbol]                       0x08002f4c   Section        0  stm32f1xx_it.o(.text.MemManage_Handler)
    [Anonymous Symbol]                       0x08002f50   Section        0  stm32f1xx_it.o(.text.NMI_Handler)
    [Anonymous Symbol]                       0x08002f54   Section        0  stm32f1xx_it.o(.text.PendSV_Handler)
    [Anonymous Symbol]                       0x08002f58   Section        0  stm32f1xx_it.o(.text.SVC_Handler)
    [Anonymous Symbol]                       0x08002f5c   Section        0  stm32f1xx_it.o(.text.SysTick_Handler)
    [Anonymous Symbol]                       0x08002f60   Section        0  system_stm32f1xx.o(.text.SystemInit)
    [Anonymous Symbol]                       0x08002f64   Section        0  stm32f1xx_it.o(.text.TIM2_IRQHandler)
    [Anonymous Symbol]                       0x08002f7c   Section        0  stm32f1xx_it.o(.text.TIM3_IRQHandler)
    [Anonymous Symbol]                       0x08002f9c   Section        0  stm32f1xx_it.o(.text.TIM4_IRQHandler)
    [Anonymous Symbol]                       0x080030c4   Section        0  stm32f1xx_it.o(.text.UsageFault_Handler)
    [Anonymous Symbol]                       0x080030c8   Section        0  main.o(.text.calibrate)
    [Anonymous Symbol]                       0x08003344   Section        0  audio.o(.text.change_octave)
    [Anonymous Symbol]                       0x080033c4   Section        0  audio.o(.text.change_volume)
    [Anonymous Symbol]                       0x080033ec   Section        0  audio.o(.text.create_sound)
    [Anonymous Symbol]                       0x080033f4   Section        0  cd74hc4067.o(.text.initMultiplexer)
    [Anonymous Symbol]                       0x08003438   Section        0  main.o(.text.main)
    [Anonymous Symbol]                       0x080035f8   Section        0  cd74hc4067.o(.text.setEnableMultiplexer)
    [Anonymous Symbol]                       0x08003610   Section        0  cd74hc4067.o(.text.setMultiplexerChannel)
    [Anonymous Symbol]                       0x08003658   Section        0  audio.o(.text.signal)
    [Anonymous Symbol]                       0x0800378c   Section        0  ssd1306.o(.text.ssd1306_Fill)
    [Anonymous Symbol]                       0x080037a8   Section        0  ssd1306.o(.text.ssd1306_Init)
    [Anonymous Symbol]                       0x08003a94   Section        0  ssd1306.o(.text.ssd1306_SetCursor)
    [Anonymous Symbol]                       0x08003aa4   Section        0  ssd1306.o(.text.ssd1306_UpdateScreen)
    [Anonymous Symbol]                       0x08003c4c   Section        0  ssd1306.o(.text.ssd1306_WriteChar)
    [Anonymous Symbol]                       0x08003ed4   Section        0  ssd1306.o(.text.ssd1306_WriteString)
    [Anonymous Symbol]                       0x08003f10   Section        0  audio.o(.text.summ_in_time)
    [Anonymous Symbol]                       0x08003f70   Section        0  stm32f1xx_it.o(.text.update_display)
    [Anonymous Symbol]                       0x0800416c   Section        0  stm32f1xx_it.o(.text.update_state)
    [Anonymous Symbol]                       0x08004384   Section        0  audio.o(.text.wait)
    i.__ARM_fpclassifyf                      0x080045b8   Section        0  fpclassifyf.o(i.__ARM_fpclassifyf)
    i.__mathlib_flt_divzero                  0x080045de   Section        0  funder.o(i.__mathlib_flt_divzero)
    i.__mathlib_flt_infnan2                  0x080045e8   Section        0  funder.o(i.__mathlib_flt_infnan2)
    i.__mathlib_flt_invalid                  0x080045ec   Section        0  funder.o(i.__mathlib_flt_invalid)
    i.__mathlib_flt_overflow                 0x080045f4   Section        0  funder.o(i.__mathlib_flt_overflow)
    i.__mathlib_flt_underflow                0x080045fe   Section        0  funder.o(i.__mathlib_flt_underflow)
    i.fmodf                                  0x08004608   Section        0  fmodf.o(i.fmodf)
    i.powf                                   0x08004674   Section        0  powf.o(i.powf)
    x$fpl$fadd                               0x08004c94   Section      196  faddsub_clz.o(x$fpl$fadd)
    _fadd1                                   0x08004ca3   Thumb Code     0  faddsub_clz.o(x$fpl$fadd)
    x$fpl$fcheck1                            0x08004d58   Section       12  fcheck1.o(x$fpl$fcheck1)
    x$fpl$fcmp                               0x08004d64   Section       84  fcmp.o(x$fpl$fcmp)
    x$fpl$fcmpinf                            0x08004db8   Section       24  fcmpi.o(x$fpl$fcmpinf)
    _fdiv1                                   0x08004dd1   Thumb Code     0  fdiv.o(x$fpl$fdiv)
    x$fpl$fdiv                               0x08004dd0   Section      388  fdiv.o(x$fpl$fdiv)
    x$fpl$feqf                               0x08004f54   Section      104  feqf.o(x$fpl$feqf)
    x$fpl$ffix                               0x08004fbc   Section       54  ffix.o(x$fpl$ffix)
    x$fpl$ffixr                              0x08004ff4   Section       82  ffix.o(x$fpl$ffixr)
    x$fpl$fflt                               0x08005048   Section       48  fflt_clz.o(x$fpl$fflt)
    x$fpl$ffltu                              0x08005078   Section       38  fflt_clz.o(x$fpl$ffltu)
    x$fpl$fgeqf                              0x080050a0   Section      104  fgeqf.o(x$fpl$fgeqf)
    x$fpl$fleqf                              0x08005108   Section      104  fleqf.o(x$fpl$fleqf)
    x$fpl$fmul                               0x08005170   Section      258  fmul.o(x$fpl$fmul)
    x$fpl$fnaninf                            0x08005272   Section      140  fnaninf.o(x$fpl$fnaninf)
    x$fpl$frem                               0x08005300   Section      244  frem_clz.o(x$fpl$frem)
    x$fpl$fretinf                            0x080053f4   Section       10  fretinf.o(x$fpl$fretinf)
    x$fpl$frsb                               0x080053fe   Section       20  faddsub_clz.o(x$fpl$frsb)
    x$fpl$fsub                               0x08005414   Section      234  faddsub_clz.o(x$fpl$fsub)
    _fsub1                                   0x08005423   Thumb Code     0  faddsub_clz.o(x$fpl$fsub)
    x$fpl$retnan                             0x080054fe   Section      100  retnan.o(x$fpl$retnan)
    x$fpl$scalbnf                            0x08005562   Section       76  scalbnf.o(x$fpl$scalbnf)
    x$fpl$trapveneer                         0x080055ae   Section       48  trapv.o(x$fpl$trapveneer)
    x$fpl$usenofp                            0x080055de   Section        0  usenofp.o(x$fpl$usenofp)
    table                                    0x080055e0   Data         128  powf.o(.constdata)
    .constdata                               0x080055e0   Section      320  powf.o(.constdata)
    powersof2to1over16top                    0x08005660   Data          64  powf.o(.constdata)
    powersof2to1over16bot                    0x080056a0   Data          64  powf.o(.constdata)
    powersof2to1over16all                    0x080056e0   Data          64  powf.o(.constdata)
    .L__const.HAL_RCC_GetSysClockFreq.aPredivFactorTable 0x08005720   Data           2  stm32f1xx_hal_rcc.o(.rodata..L__const.HAL_RCC_GetSysClockFreq.aPredivFactorTable)
    Font11x18                                0x0800573a   Data        3420  ssd1306_fonts.o(.rodata.Font11x18)
    [Anonymous Symbol]                       0x0800573a   Section        0  ssd1306_fonts.o(.rodata.Font11x18)
    .L__const.HAL_RCC_GetSysClockFreq.aPLLMULFactorTable 0x08006496   Data          16  stm32f1xx_hal_rcc.o(.rodata.cst16)
    [Anonymous Symbol]                       0x080068a8   Section        0  stm32f1xx_it.o(.rodata.str1.1)
    .L_MergedGlobals                         0x20000000   Data          32  audio.o(.data..L_MergedGlobals)
    [Anonymous Symbol]                       0x20000000   Section        0  audio.o(.data..L_MergedGlobals)
    .L_MergedGlobals                         0x20000020   Data          10  main.o(.data..L_MergedGlobals)
    [Anonymous Symbol]                       0x20000020   Section        0  main.o(.data..L_MergedGlobals)
    .L_MergedGlobals                         0x2000002c   Data           8  stm32f1xx_hal.o(.data..L_MergedGlobals)
    [Anonymous Symbol]                       0x2000002c   Section        0  stm32f1xx_hal.o(.data..L_MergedGlobals)
    .bss                                     0x20000048   Section       96  libspace.o(.bss)
    .L_MergedGlobals                         0x200000a8   Data           6  ssd1306.o(.bss..L_MergedGlobals)
    SSD1306.3                                0x200000a8   Data           1  ssd1306.o(.bss..L_MergedGlobals)
    [Anonymous Symbol]                       0x200000a8   Section        0  ssd1306.o(.bss..L_MergedGlobals)
    SSD1306.0                                0x200000aa   Data           2  ssd1306.o(.bss..L_MergedGlobals)
    SSD1306.1                                0x200000ac   Data           2  ssd1306.o(.bss..L_MergedGlobals)
    .L_MergedGlobals                         0x200000b0   Data           8  stm32f1xx_it.o(.bss..L_MergedGlobals)
    [Anonymous Symbol]                       0x200000b0   Section        0  stm32f1xx_it.o(.bss..L_MergedGlobals)
    .L_MergedGlobals.1                       0x200000b8   Data          48  main.o(.bss..L_MergedGlobals.1)
    [Anonymous Symbol]                       0x200000b8   Section        0  main.o(.bss..L_MergedGlobals.1)
    SSD1306_Buffer                           0x200000e8   Data         512  ssd1306.o(.bss.SSD1306_Buffer)
    [Anonymous Symbol]                       0x200000e8   Section        0  ssd1306.o(.bss.SSD1306_Buffer)
    Heap_Mem                                 0x20000490   Data         512  startup_stm32f103xb.o(HEAP)
    HEAP                                     0x20000490   Section      512  startup_stm32f103xb.o(HEAP)
    Stack_Mem                                0x20000690   Data        1024  startup_stm32f103xb.o(STACK)
    STACK                                    0x20000690   Section     1024  startup_stm32f103xb.o(STACK)
    __initial_sp                             0x20000a90   Data           0  startup_stm32f103xb.o(STACK)

    Global Symbols

    Symbol Name                              Value     Ov Type        Size  Object(Section)

    BuildAttributes$$THM_ISAv4$P$D$K$B$S$PE$A:L22UL41UL21$X:L11$S22US41US21$IEEE1$IW$~IW$USESV6$~STKCKD$USESV7$~SHL$OTIME$ROPI$IEEEX$EBA8$UX$STANDARDLIB$REQ8$PRES8$EABIv2 0x00000000   Number         0  anon$$obj.o ABSOLUTE
    __fp_init_empty                          0x00000000   Number         0  fpinit_empty.o ABSOLUTE
    __ARM_exceptions_init                     - Undefined Weak Reference
    __alloca_initialize                       - Undefined Weak Reference
    __arm_preinit_                            - Undefined Weak Reference
    __arm_relocate_pie_                       - Undefined Weak Reference
    __cpp_initialize__aeabi_                  - Undefined Weak Reference
    __cxa_finalize                            - Undefined Weak Reference
    __rt_locale                               - Undefined Weak Reference
    __sigvec_lookup                           - Undefined Weak Reference
    __user_heap_extent                        - Undefined Weak Reference
    _atexit_init                              - Undefined Weak Reference
    _call_atexit_fns                          - Undefined Weak Reference
    _clock_init                               - Undefined Weak Reference
    _fp_trap_init                             - Undefined Weak Reference
    _fp_trap_shutdown                         - Undefined Weak Reference
    _get_lc_collate                           - Undefined Weak Reference
    _get_lc_ctype                             - Undefined Weak Reference
    _get_lc_monetary                          - Undefined Weak Reference
    _get_lc_numeric                           - Undefined Weak Reference
    _get_lc_time                              - Undefined Weak Reference
    _getenv_init                              - Undefined Weak Reference
    _handle_redirection                       - Undefined Weak Reference
    _initio                                   - Undefined Weak Reference
    _mutex_acquire                            - Undefined Weak Reference
    _mutex_free                               - Undefined Weak Reference
    _mutex_release                            - Undefined Weak Reference
    _rand_init                                - Undefined Weak Reference
    _signal_finish                            - Undefined Weak Reference
    _signal_init                              - Undefined Weak Reference
    _terminateio                              - Undefined Weak Reference
    __Vectors_Size                           0x000000ec   Number         0  startup_stm32f103xb.o ABSOLUTE
    __Vectors                                0x08000000   Data           4  startup_stm32f103xb.o(RESET)
    __Vectors_End                            0x080000ec   Data           0  startup_stm32f103xb.o(RESET)
    __main                                   0x080000ed   Thumb Code     8  __main.o(!!!main)
    __scatterload                            0x080000f5   Thumb Code     0  __scatter.o(!!!scatter)
    __scatterload_rt2                        0x080000f5   Thumb Code    44  __scatter.o(!!!scatter)
    __scatterload_rt2_thumb_only             0x080000f5   Thumb Code     0  __scatter.o(!!!scatter)
    __scatterload_null                       0x08000103   Thumb Code     0  __scatter.o(!!!scatter)
    __scatterload_copy                       0x08000129   Thumb Code    26  __scatter_copy.o(!!handler_copy)
    __scatterload_zeroinit                   0x08000145   Thumb Code    28  __scatter_zi.o(!!handler_zi)
    __rt_lib_init                            0x08000161   Thumb Code     0  libinit.o(.ARM.Collect$$libinit$$00000000)
    __rt_lib_init_fp_1                       0x08000163   Thumb Code     0  libinit2.o(.ARM.Collect$$libinit$$00000002)
    __rt_lib_init_heap_2                     0x08000163   Thumb Code     0  libinit2.o(.ARM.Collect$$libinit$$00000007)
    __rt_lib_init_preinit_1                  0x08000163   Thumb Code     0  libinit2.o(.ARM.Collect$$libinit$$00000006)
    __rt_lib_init_relocate_pie_1             0x08000163   Thumb Code     0  libinit2.o(.ARM.Collect$$libinit$$00000004)
    __rt_lib_init_alloca_1                   0x0800016b   Thumb Code     0  libinit2.o(.ARM.Collect$$libinit$$00000030)
    __rt_lib_init_argv_1                     0x0800016b   Thumb Code     0  libinit2.o(.ARM.Collect$$libinit$$0000002E)
    __rt_lib_init_atexit_1                   0x0800016b   Thumb Code     0  libinit2.o(.ARM.Collect$$libinit$$0000001D)
    __rt_lib_init_clock_1                    0x0800016b   Thumb Code     0  libinit2.o(.ARM.Collect$$libinit$$00000023)
    __rt_lib_init_cpp_1                      0x0800016b   Thumb Code     0  libinit2.o(.ARM.Collect$$libinit$$00000034)
    __rt_lib_init_exceptions_1               0x0800016b   Thumb Code     0  libinit2.o(.ARM.Collect$$libinit$$00000032)
    __rt_lib_init_fp_trap_1                  0x0800016b   Thumb Code     0  libinit2.o(.ARM.Collect$$libinit$$00000021)
    __rt_lib_init_getenv_1                   0x0800016b   Thumb Code     0  libinit2.o(.ARM.Collect$$libinit$$00000025)
    __rt_lib_init_heap_1                     0x0800016b   Thumb Code     0  libinit2.o(.ARM.Collect$$libinit$$0000000C)
    __rt_lib_init_lc_collate_1               0x0800016b   Thumb Code     0  libinit2.o(.ARM.Collect$$libinit$$00000013)
    __rt_lib_init_lc_ctype_1                 0x0800016b   Thumb Code     0  libinit2.o(.ARM.Collect$$libinit$$00000015)
    __rt_lib_init_lc_monetary_1              0x0800016b   Thumb Code     0  libinit2.o(.ARM.Collect$$libinit$$00000017)
    __rt_lib_init_lc_numeric_1               0x0800016b   Thumb Code     0  libinit2.o(.ARM.Collect$$libinit$$00000019)
    __rt_lib_init_lc_time_1                  0x0800016b   Thumb Code     0  libinit2.o(.ARM.Collect$$libinit$$0000001B)
    __rt_lib_init_rand_1                     0x0800016b   Thumb Code     0  libinit2.o(.ARM.Collect$$libinit$$00000010)
    __rt_lib_init_return                     0x0800016b   Thumb Code     0  libinit2.o(.ARM.Collect$$libinit$$00000035)
    __rt_lib_init_signal_1                   0x0800016b   Thumb Code     0  libinit2.o(.ARM.Collect$$libinit$$0000001F)
    __rt_lib_init_stdio_1                    0x0800016b   Thumb Code     0  libinit2.o(.ARM.Collect$$libinit$$00000027)
    __rt_lib_init_user_alloc_1               0x0800016b   Thumb Code     0  libinit2.o(.ARM.Collect$$libinit$$0000000E)
    __rt_lib_shutdown                        0x0800016d   Thumb Code     0  libshutdown.o(.ARM.Collect$$libshutdown$$00000000)
    __rt_lib_shutdown_cpp_1                  0x0800016f   Thumb Code     0  libshutdown2.o(.ARM.Collect$$libshutdown$$00000002)
    __rt_lib_shutdown_fp_trap_1              0x0800016f   Thumb Code     0  libshutdown2.o(.ARM.Collect$$libshutdown$$00000007)
    __rt_lib_shutdown_heap_1                 0x0800016f   Thumb Code     0  libshutdown2.o(.ARM.Collect$$libshutdown$$0000000F)
    __rt_lib_shutdown_return                 0x0800016f   Thumb Code     0  libshutdown2.o(.ARM.Collect$$libshutdown$$00000010)
    __rt_lib_shutdown_signal_1               0x0800016f   Thumb Code     0  libshutdown2.o(.ARM.Collect$$libshutdown$$0000000A)
    __rt_lib_shutdown_stdio_1                0x0800016f   Thumb Code     0  libshutdown2.o(.ARM.Collect$$libshutdown$$00000004)
    __rt_lib_shutdown_user_alloc_1           0x0800016f   Thumb Code     0  libshutdown2.o(.ARM.Collect$$libshutdown$$0000000C)
    __rt_entry                               0x08000171   Thumb Code     0  __rtentry.o(.ARM.Collect$$rtentry$$00000000)
    __rt_entry_presh_1                       0x08000171   Thumb Code     0  __rtentry2.o(.ARM.Collect$$rtentry$$00000002)
    __rt_entry_sh                            0x08000171   Thumb Code     0  __rtentry4.o(.ARM.Collect$$rtentry$$00000004)
    __rt_entry_li                            0x08000177   Thumb Code     0  __rtentry2.o(.ARM.Collect$$rtentry$$0000000A)
    __rt_entry_postsh_1                      0x08000177   Thumb Code     0  __rtentry2.o(.ARM.Collect$$rtentry$$00000009)
    __rt_entry_main                          0x0800017b   Thumb Code     0  __rtentry2.o(.ARM.Collect$$rtentry$$0000000D)
    __rt_entry_postli_1                      0x0800017b   Thumb Code     0  __rtentry2.o(.ARM.Collect$$rtentry$$0000000C)
    __rt_exit                                0x08000183   Thumb Code     0  rtexit.o(.ARM.Collect$$rtexit$$00000000)
    __rt_exit_ls                             0x08000185   Thumb Code     0  rtexit2.o(.ARM.Collect$$rtexit$$00000003)
    __rt_exit_prels_1                        0x08000185   Thumb Code     0  rtexit2.o(.ARM.Collect$$rtexit$$00000002)
    __rt_exit_exit                           0x08000189   Thumb Code     0  rtexit2.o(.ARM.Collect$$rtexit$$00000004)
    Reset_Handler                            0x08000191   Thumb Code     8  startup_stm32f103xb.o(.text)
    ADC1_2_IRQHandler                        0x080001ab   Thumb Code     0  startup_stm32f103xb.o(.text)
    CAN1_RX1_IRQHandler                      0x080001ab   Thumb Code     0  startup_stm32f103xb.o(.text)
    CAN1_SCE_IRQHandler                      0x080001ab   Thumb Code     0  startup_stm32f103xb.o(.text)
    DMA1_Channel1_IRQHandler                 0x080001ab   Thumb Code     0  startup_stm32f103xb.o(.text)
    DMA1_Channel2_IRQHandler                 0x080001ab   Thumb Code     0  startup_stm32f103xb.o(.text)
    DMA1_Channel3_IRQHandler                 0x080001ab   Thumb Code     0  startup_stm32f103xb.o(.text)
    DMA1_Channel4_IRQHandler                 0x080001ab   Thumb Code     0  startup_stm32f103xb.o(.text)
    DMA1_Channel5_IRQHandler                 0x080001ab   Thumb Code     0  startup_stm32f103xb.o(.text)
    DMA1_Channel6_IRQHandler                 0x080001ab   Thumb Code     0  startup_stm32f103xb.o(.text)
    DMA1_Channel7_IRQHandler                 0x080001ab   Thumb Code     0  startup_stm32f103xb.o(.text)
    EXTI0_IRQHandler                         0x080001ab   Thumb Code     0  startup_stm32f103xb.o(.text)
    EXTI15_10_IRQHandler                     0x080001ab   Thumb Code     0  startup_stm32f103xb.o(.text)
    EXTI1_IRQHandler                         0x080001ab   Thumb Code     0  startup_stm32f103xb.o(.text)
    EXTI2_IRQHandler                         0x080001ab   Thumb Code     0  startup_stm32f103xb.o(.text)
    EXTI3_IRQHandler                         0x080001ab   Thumb Code     0  startup_stm32f103xb.o(.text)
    EXTI4_IRQHandler                         0x080001ab   Thumb Code     0  startup_stm32f103xb.o(.text)
    EXTI9_5_IRQHandler                       0x080001ab   Thumb Code     0  startup_stm32f103xb.o(.text)
    FLASH_IRQHandler                         0x080001ab   Thumb Code     0  startup_stm32f103xb.o(.text)
    I2C1_ER_IRQHandler                       0x080001ab   Thumb Code     0  startup_stm32f103xb.o(.text)
    I2C1_EV_IRQHandler                       0x080001ab   Thumb Code     0  startup_stm32f103xb.o(.text)
    I2C2_ER_IRQHandler                       0x080001ab   Thumb Code     0  startup_stm32f103xb.o(.text)
    I2C2_EV_IRQHandler                       0x080001ab   Thumb Code     0  startup_stm32f103xb.o(.text)
    PVD_IRQHandler                           0x080001ab   Thumb Code     0  startup_stm32f103xb.o(.text)
    RCC_IRQHandler                           0x080001ab   Thumb Code     0  startup_stm32f103xb.o(.text)
    RTC_Alarm_IRQHandler                     0x080001ab   Thumb Code     0  startup_stm32f103xb.o(.text)
    RTC_IRQHandler                           0x080001ab   Thumb Code     0  startup_stm32f103xb.o(.text)
    SPI1_IRQHandler                          0x080001ab   Thumb Code     0  startup_stm32f103xb.o(.text)
    SPI2_IRQHandler                          0x080001ab   Thumb Code     0  startup_stm32f103xb.o(.text)
    TAMPER_IRQHandler                        0x080001ab   Thumb Code     0  startup_stm32f103xb.o(.text)
    TIM1_BRK_IRQHandler                      0x080001ab   Thumb Code     0  startup_stm32f103xb.o(.text)
    TIM1_CC_IRQHandler                       0x080001ab   Thumb Code     0  startup_stm32f103xb.o(.text)
    TIM1_TRG_COM_IRQHandler                  0x080001ab   Thumb Code     0  startup_stm32f103xb.o(.text)
    TIM1_UP_IRQHandler                       0x080001ab   Thumb Code     0  startup_stm32f103xb.o(.text)
    USART1_IRQHandler                        0x080001ab   Thumb Code     0  startup_stm32f103xb.o(.text)
    USART2_IRQHandler                        0x080001ab   Thumb Code     0  startup_stm32f103xb.o(.text)
    USART3_IRQHandler                        0x080001ab   Thumb Code     0  startup_stm32f103xb.o(.text)
    USBWakeUp_IRQHandler                     0x080001ab   Thumb Code     0  startup_stm32f103xb.o(.text)
    USB_HP_CAN1_TX_IRQHandler                0x080001ab   Thumb Code     0  startup_stm32f103xb.o(.text)
    USB_LP_CAN1_RX0_IRQHandler               0x080001ab   Thumb Code     0  startup_stm32f103xb.o(.text)
    WWDG_IRQHandler                          0x080001ab   Thumb Code     0  startup_stm32f103xb.o(.text)
    __user_initial_stackheap                 0x080001ad   Thumb Code     0  startup_stm32f103xb.o(.text)
    calloc                                   0x080001d1   Thumb Code    40  calloc.o(.text)
    malloc                                   0x080001f9   Thumb Code    94  h1_alloc.o(.text)
    free                                     0x08000257   Thumb Code    78  h1_free.o(.text)
    __aeabi_memset4                          0x080002a5   Thumb Code    16  aeabi_memset4.o(.text)
    __aeabi_memset8                          0x080002a5   Thumb Code     0  aeabi_memset4.o(.text)
    __aeabi_memclr4                          0x080002b5   Thumb Code     0  rt_memclr_w.o(.text)
    __aeabi_memclr8                          0x080002b5   Thumb Code     0  rt_memclr_w.o(.text)
    __rt_memclr_w                            0x080002b5   Thumb Code     0  rt_memclr_w.o(.text)
    _memset_w                                0x080002b9   Thumb Code    74  rt_memclr_w.o(.text)
    __use_two_region_memory                  0x08000303   Thumb Code     2  heapauxi.o(.text)
    __rt_heap_escrow                         0x08000305   Thumb Code     2  heapauxi.o(.text)
    __rt_heap_expand                         0x08000307   Thumb Code     2  heapauxi.o(.text)
    __rt_heap_descriptor                     0x08000309   Thumb Code     8  rt_heap_descriptor_intlibspace.o(.text)
    __use_no_heap                            0x08000311   Thumb Code     2  hguard.o(.text)
    __heap$guard                             0x08000313   Thumb Code     2  hguard.o(.text)
    _terminate_user_alloc                    0x08000315   Thumb Code     2  init_alloc.o(.text)
    _init_user_alloc                         0x08000317   Thumb Code     2  init_alloc.o(.text)
    __Heap_Full                              0x08000319   Thumb Code    34  init_alloc.o(.text)
    __Heap_Broken                            0x0800033b   Thumb Code     6  init_alloc.o(.text)
    _init_alloc                              0x08000341   Thumb Code    94  init_alloc.o(.text)
    __Heap_Initialize                        0x0800039f   Thumb Code    10  h1_init.o(.text)
    __Heap_DescSize                          0x080003a9   Thumb Code     4  h1_init.o(.text)
    __read_errno                             0x080003ad   Thumb Code    10  _rserrno.o(.text)
    __set_errno                              0x080003b7   Thumb Code    12  _rserrno.o(.text)
    __aeabi_memclr                           0x080003c3   Thumb Code     0  rt_memclr.o(.text)
    __rt_memclr                              0x080003c3   Thumb Code     0  rt_memclr.o(.text)
    _memset                                  0x080003c7   Thumb Code    64  rt_memclr.o(.text)
    __user_libspace                          0x08000409   Thumb Code     8  libspace.o(.text)
    __user_perproc_libspace                  0x08000409   Thumb Code     0  libspace.o(.text)
    __user_perthread_libspace                0x08000409   Thumb Code     0  libspace.o(.text)
    __aeabi_errno_addr                       0x08000411   Thumb Code     8  rt_errno_addr_intlibspace.o(.text)
    __errno$intlibspace                      0x08000411   Thumb Code     0  rt_errno_addr_intlibspace.o(.text)
    __rt_errno_addr$intlibspace              0x08000411   Thumb Code     0  rt_errno_addr_intlibspace.o(.text)
    __Heap_ProvideMemory                     0x08000419   Thumb Code    52  h1_extend.o(.text)
    _maybe_terminate_alloc                   0x08000419   Thumb Code     0  maybetermalloc1.o(.text)
    __rt_SIGRTMEM                            0x0800044d   Thumb Code    14  defsig_rtmem_outer.o(.text)
    __I$use$semihosting                      0x0800045b   Thumb Code     0  use_no_semi.o(.text)
    __use_no_semihosting_swi                 0x0800045b   Thumb Code     2  use_no_semi.o(.text)
    __semihosting_library_function           0x0800045d   Thumb Code     0  indicate_semi.o(.text)
    __user_setup_stackheap                   0x0800045d   Thumb Code    74  sys_stackheap_outer.o(.text)
    exit                                     0x080004a7   Thumb Code    18  exit.o(.text)
    __sig_exit                               0x080004b9   Thumb Code    10  defsig_exit.o(.text)
    __rt_SIGRTMEM_inner                      0x080004c5   Thumb Code    22  defsig_rtmem_inner.o(.text)
    _sys_exit                                0x08000515   Thumb Code     8  sys_exit.o(.text)
    __default_signal_display                 0x08000521   Thumb Code    50  defsig_general.o(.text)
    _ttywrch                                 0x08000553   Thumb Code    14  sys_wrch.o(.text)
    ADC_ConversionStop_Disable               0x08000561   Thumb Code    84  stm32f1xx_hal_adc.o(.text.ADC_ConversionStop_Disable)
    ADC_Enable                               0x080005b5   Thumb Code   182  stm32f1xx_hal_adc.o(.text.ADC_Enable)
    BusFault_Handler                         0x0800066d   Thumb Code     2  stm32f1xx_it.o(.text.BusFault_Handler)
    DebugMon_Handler                         0x08000671   Thumb Code     2  stm32f1xx_it.o(.text.DebugMon_Handler)
    Error_Handler                            0x08000675   Thumb Code    10  main.o(.text.Error_Handler)
    HAL_ADCEx_Calibration_Start              0x08000681   Thumb Code   276  stm32f1xx_hal_adc_ex.o(.text.HAL_ADCEx_Calibration_Start)
    HAL_ADC_ConfigChannel                    0x08000795   Thumb Code   396  stm32f1xx_hal_adc.o(.text.HAL_ADC_ConfigChannel)
    HAL_ADC_GetValue                         0x08000921   Thumb Code     6  stm32f1xx_hal_adc.o(.text.HAL_ADC_GetValue)
    HAL_ADC_Init                             0x08000929   Thumb Code   348  stm32f1xx_hal_adc.o(.text.HAL_ADC_Init)
    HAL_ADC_MspInit                          0x08000a85   Thumb Code    98  adc.o(.text.HAL_ADC_MspInit)
    HAL_ADC_PollForConversion                0x08000ae9   Thumb Code   616  stm32f1xx_hal_adc.o(.text.HAL_ADC_PollForConversion)
    HAL_ADC_Start                            0x08000d51   Thumb Code   204  stm32f1xx_hal_adc.o(.text.HAL_ADC_Start)
    HAL_ADC_Stop                             0x08000e1d   Thumb Code   126  stm32f1xx_hal_adc.o(.text.HAL_ADC_Stop)
    HAL_Delay                                0x08000e9d   Thumb Code    40  stm32f1xx_hal.o(.text.HAL_Delay)
    HAL_GPIO_Init                            0x08000ec5   Thumb Code   538  stm32f1xx_hal_gpio.o(.text.HAL_GPIO_Init)
    HAL_GPIO_ReadPin                         0x080010e1   Thumb Code    10  stm32f1xx_hal_gpio.o(.text.HAL_GPIO_ReadPin)
    HAL_GPIO_TogglePin                       0x080010ed   Thumb Code    16  stm32f1xx_hal_gpio.o(.text.HAL_GPIO_TogglePin)
    HAL_GPIO_WritePin                        0x080010fd   Thumb Code    10  stm32f1xx_hal_gpio.o(.text.HAL_GPIO_WritePin)
    HAL_GetTick                              0x08001109   Thumb Code    12  stm32f1xx_hal.o(.text.HAL_GetTick)
    HAL_I2C_Init                             0x08001115   Thumb Code   374  stm32f1xx_hal_i2c.o(.text.HAL_I2C_Init)
    HAL_I2C_Mem_Write                        0x0800128d   Thumb Code   474  stm32f1xx_hal_i2c.o(.text.HAL_I2C_Mem_Write)
    HAL_I2C_MspInit                          0x08001469   Thumb Code    98  i2c.o(.text.HAL_I2C_MspInit)
    HAL_IncTick                              0x080014cd   Thumb Code    26  stm32f1xx_hal.o(.text.HAL_IncTick)
    HAL_Init                                 0x080014e9   Thumb Code    38  stm32f1xx_hal.o(.text.HAL_Init)
    HAL_InitTick                             0x08001511   Thumb Code    72  stm32f1xx_hal.o(.text.HAL_InitTick)
    HAL_MspInit                              0x08001559   Thumb Code    66  stm32f1xx_hal_msp.o(.text.HAL_MspInit)
    HAL_NVIC_EnableIRQ                       0x0800159d   Thumb Code    38  stm32f1xx_hal_cortex.o(.text.HAL_NVIC_EnableIRQ)
    HAL_NVIC_SetPriority                     0x080015c5   Thumb Code    86  stm32f1xx_hal_cortex.o(.text.HAL_NVIC_SetPriority)
    HAL_NVIC_SetPriorityGrouping             0x0800161d   Thumb Code    32  stm32f1xx_hal_cortex.o(.text.HAL_NVIC_SetPriorityGrouping)
    HAL_RCCEx_GetPeriphCLKFreq               0x0800163d   Thumb Code   220  stm32f1xx_hal_rcc_ex.o(.text.HAL_RCCEx_GetPeriphCLKFreq)
    HAL_RCCEx_PeriphCLKConfig                0x0800172d   Thumb Code   266  stm32f1xx_hal_rcc_ex.o(.text.HAL_RCCEx_PeriphCLKConfig)
    HAL_RCC_ClockConfig                      0x08001839   Thumb Code   446  stm32f1xx_hal_rcc.o(.text.HAL_RCC_ClockConfig)
    HAL_RCC_GetPCLK1Freq                     0x080019f9   Thumb Code    38  stm32f1xx_hal_rcc.o(.text.HAL_RCC_GetPCLK1Freq)
    HAL_RCC_GetPCLK2Freq                     0x08001a21   Thumb Code    38  stm32f1xx_hal_rcc.o(.text.HAL_RCC_GetPCLK2Freq)
    HAL_RCC_OscConfig                        0x08001a49   Thumb Code   948  stm32f1xx_hal_rcc.o(.text.HAL_RCC_OscConfig)
    HAL_SYSTICK_Config                       0x08001dfd   Thumb Code    44  stm32f1xx_hal_cortex.o(.text.HAL_SYSTICK_Config)
    HAL_TIMEx_BreakCallback                  0x08001e29   Thumb Code     2  stm32f1xx_hal_tim_ex.o(.text.HAL_TIMEx_BreakCallback)
    HAL_TIMEx_CommutCallback                 0x08001e2d   Thumb Code     2  stm32f1xx_hal_tim_ex.o(.text.HAL_TIMEx_CommutCallback)
    HAL_TIMEx_ConfigBreakDeadTime            0x08001e31   Thumb Code    76  stm32f1xx_hal_tim_ex.o(.text.HAL_TIMEx_ConfigBreakDeadTime)
    HAL_TIMEx_MasterConfigSynchronization    0x08001e7d   Thumb Code   122  stm32f1xx_hal_tim_ex.o(.text.HAL_TIMEx_MasterConfigSynchronization)
    HAL_TIM_Base_Init                        0x08001ef9   Thumb Code   236  stm32f1xx_hal_tim.o(.text.HAL_TIM_Base_Init)
    HAL_TIM_Base_MspInit                     0x08001fe5   Thumb Code   240  tim.o(.text.HAL_TIM_Base_MspInit)
    HAL_TIM_Base_Start_IT                    0x080020d5   Thumb Code   110  stm32f1xx_hal_tim.o(.text.HAL_TIM_Base_Start_IT)
    HAL_TIM_ConfigClockSource                0x08002145   Thumb Code   402  stm32f1xx_hal_tim.o(.text.HAL_TIM_ConfigClockSource)
    HAL_TIM_IC_CaptureCallback               0x080022d9   Thumb Code     2  stm32f1xx_hal_tim.o(.text.HAL_TIM_IC_CaptureCallback)
    HAL_TIM_IRQHandler                       0x080022dd   Thumb Code   368  stm32f1xx_hal_tim.o(.text.HAL_TIM_IRQHandler)
    HAL_TIM_OC_DelayElapsedCallback          0x0800244d   Thumb Code     2  stm32f1xx_hal_tim.o(.text.HAL_TIM_OC_DelayElapsedCallback)
    HAL_TIM_PWM_ConfigChannel                0x08002451   Thumb Code   506  stm32f1xx_hal_tim.o(.text.HAL_TIM_PWM_ConfigChannel)
    HAL_TIM_PWM_Init                         0x0800264d   Thumb Code   236  stm32f1xx_hal_tim.o(.text.HAL_TIM_PWM_Init)
    HAL_TIM_PWM_MspInit                      0x08002739   Thumb Code     2  stm32f1xx_hal_tim.o(.text.HAL_TIM_PWM_MspInit)
    HAL_TIM_PWM_PulseFinishedCallback        0x0800273d   Thumb Code     2  stm32f1xx_hal_tim.o(.text.HAL_TIM_PWM_PulseFinishedCallback)
    HAL_TIM_PWM_Start                        0x08002741   Thumb Code   222  stm32f1xx_hal_tim.o(.text.HAL_TIM_PWM_Start)
    HAL_TIM_PeriodElapsedCallback            0x08002821   Thumb Code     2  stm32f1xx_hal_tim.o(.text.HAL_TIM_PeriodElapsedCallback)
    HAL_TIM_TriggerCallback                  0x08002825   Thumb Code     2  stm32f1xx_hal_tim.o(.text.HAL_TIM_TriggerCallback)
    HardFault_Handler                        0x08002829   Thumb Code     2  stm32f1xx_it.o(.text.HardFault_Handler)
    MX_ADC1_Init                             0x08002b49   Thumb Code    88  adc.o(.text.MX_ADC1_Init)
    MX_GPIO_Init                             0x08002ba1   Thumb Code   180  gpio.o(.text.MX_GPIO_Init)
    MX_I2C1_Init                             0x08002c55   Thumb Code    66  i2c.o(.text.MX_I2C1_Init)
    MX_TIM1_Init                             0x08002c99   Thumb Code   340  tim.o(.text.MX_TIM1_Init)
    MX_TIM2_Init                             0x08002ded   Thumb Code   116  tim.o(.text.MX_TIM2_Init)
    MX_TIM3_Init                             0x08002e61   Thumb Code   116  tim.o(.text.MX_TIM3_Init)
    MX_TIM4_Init                             0x08002ed5   Thumb Code   118  tim.o(.text.MX_TIM4_Init)
    MemManage_Handler                        0x08002f4d   Thumb Code     2  stm32f1xx_it.o(.text.MemManage_Handler)
    NMI_Handler                              0x08002f51   Thumb Code     2  stm32f1xx_it.o(.text.NMI_Handler)
    PendSV_Handler                           0x08002f55   Thumb Code     2  stm32f1xx_it.o(.text.PendSV_Handler)
    SVC_Handler                              0x08002f59   Thumb Code     2  stm32f1xx_it.o(.text.SVC_Handler)
    SysTick_Handler                          0x08002f5d   Thumb Code     4  stm32f1xx_it.o(.text.SysTick_Handler)
    SystemInit                               0x08002f61   Thumb Code     2  system_stm32f1xx.o(.text.SystemInit)
    TIM2_IRQHandler                          0x08002f65   Thumb Code    22  stm32f1xx_it.o(.text.TIM2_IRQHandler)
    TIM3_IRQHandler                          0x08002f7d   Thumb Code    30  stm32f1xx_it.o(.text.TIM3_IRQHandler)
    TIM4_IRQHandler                          0x08002f9d   Thumb Code   294  stm32f1xx_it.o(.text.TIM4_IRQHandler)
    UsageFault_Handler                       0x080030c5   Thumb Code     2  stm32f1xx_it.o(.text.UsageFault_Handler)
    calibrate                                0x080030c9   Thumb Code   634  main.o(.text.calibrate)
    change_octave                            0x08003345   Thumb Code   126  audio.o(.text.change_octave)
    change_volume                            0x080033c5   Thumb Code    40  audio.o(.text.change_volume)
    create_sound                             0x080033ed   Thumb Code     8  audio.o(.text.create_sound)
    initMultiplexer                          0x080033f5   Thumb Code    68  cd74hc4067.o(.text.initMultiplexer)
    main                                     0x08003439   Thumb Code   446  main.o(.text.main)
    setEnableMultiplexer                     0x080035f9   Thumb Code    24  cd74hc4067.o(.text.setEnableMultiplexer)
    setMultiplexerChannel                    0x08003611   Thumb Code    70  cd74hc4067.o(.text.setMultiplexerChannel)
    signal                                   0x08003659   Thumb Code   306  audio.o(.text.signal)
    ssd1306_Fill                             0x0800378d   Thumb Code    28  ssd1306.o(.text.ssd1306_Fill)
    ssd1306_Init                             0x080037a9   Thumb Code   746  ssd1306.o(.text.ssd1306_Init)
    ssd1306_SetCursor                        0x08003a95   Thumb Code    14  ssd1306.o(.text.ssd1306_SetCursor)
    ssd1306_UpdateScreen                     0x08003aa5   Thumb Code   422  ssd1306.o(.text.ssd1306_UpdateScreen)
    ssd1306_WriteChar                        0x08003c4d   Thumb Code   648  ssd1306.o(.text.ssd1306_WriteChar)
    ssd1306_WriteString                      0x08003ed5   Thumb Code    60  ssd1306.o(.text.ssd1306_WriteString)
    summ_in_time                             0x08003f11   Thumb Code    94  audio.o(.text.summ_in_time)
    update_display                           0x08003f71   Thumb Code   356  stm32f1xx_it.o(.text.update_display)
    update_state                             0x0800416d   Thumb Code   534  stm32f1xx_it.o(.text.update_state)
    wait                                     0x08004385   Thumb Code   564  audio.o(.text.wait)
    __ARM_fpclassifyf                        0x080045b9   Thumb Code    38  fpclassifyf.o(i.__ARM_fpclassifyf)
    __mathlib_flt_divzero                    0x080045df   Thumb Code    10  funder.o(i.__mathlib_flt_divzero)
    __mathlib_flt_infnan2                    0x080045e9   Thumb Code     4  funder.o(i.__mathlib_flt_infnan2)
    __mathlib_flt_invalid                    0x080045ed   Thumb Code     8  funder.o(i.__mathlib_flt_invalid)
    __mathlib_flt_overflow                   0x080045f5   Thumb Code    10  funder.o(i.__mathlib_flt_overflow)
    __mathlib_flt_underflow                  0x080045ff   Thumb Code    10  funder.o(i.__mathlib_flt_underflow)
    fmodf                                    0x08004609   Thumb Code   108  fmodf.o(i.fmodf)
    __mathlib_powf                           0x08004675   Thumb Code     0  powf.o(i.powf)
    powf                                     0x08004675   Thumb Code  1548  powf.o(i.powf)
    __aeabi_fadd                             0x08004c95   Thumb Code     0  faddsub_clz.o(x$fpl$fadd)
    _fadd                                    0x08004c95   Thumb Code   196  faddsub_clz.o(x$fpl$fadd)
    __fpl_fcheck_NaN1                        0x08004d59   Thumb Code     6  fcheck1.o(x$fpl$fcheck1)
    __aeabi_fcmpeq                           0x08004d65   Thumb Code     0  fcmp.o(x$fpl$fcmp)
    _feq                                     0x08004d65   Thumb Code    14  fcmp.o(x$fpl$fcmp)
    _fneq                                    0x08004d73   Thumb Code    14  fcmp.o(x$fpl$fcmp)
    __aeabi_fcmpgt                           0x08004d81   Thumb Code     0  fcmp.o(x$fpl$fcmp)
    _fgr                                     0x08004d81   Thumb Code    14  fcmp.o(x$fpl$fcmp)
    __aeabi_fcmpge                           0x08004d8f   Thumb Code     0  fcmp.o(x$fpl$fcmp)
    _fgeq                                    0x08004d8f   Thumb Code    14  fcmp.o(x$fpl$fcmp)
    __aeabi_fcmple                           0x08004d9d   Thumb Code     0  fcmp.o(x$fpl$fcmp)
    _fleq                                    0x08004d9d   Thumb Code    14  fcmp.o(x$fpl$fcmp)
    __aeabi_fcmplt                           0x08004dab   Thumb Code     0  fcmp.o(x$fpl$fcmp)
    _fls                                     0x08004dab   Thumb Code    14  fcmp.o(x$fpl$fcmp)
    __fpl_fcmp_Inf                           0x08004db9   Thumb Code    24  fcmpi.o(x$fpl$fcmpinf)
    __aeabi_fdiv                             0x08004dd1   Thumb Code     0  fdiv.o(x$fpl$fdiv)
    _fdiv                                    0x08004dd1   Thumb Code   384  fdiv.o(x$fpl$fdiv)
    __aeabi_cfcmpeq                          0x08004f55   Thumb Code     0  feqf.o(x$fpl$feqf)
    _fcmpeq                                  0x08004f55   Thumb Code   104  feqf.o(x$fpl$feqf)
    __aeabi_f2iz                             0x08004fbd   Thumb Code     0  ffix.o(x$fpl$ffix)
    _ffix                                    0x08004fbd   Thumb Code    54  ffix.o(x$fpl$ffix)
    _ffix_r                                  0x08004ff5   Thumb Code    82  ffix.o(x$fpl$ffixr)
    __aeabi_i2f                              0x08005049   Thumb Code     0  fflt_clz.o(x$fpl$fflt)
    _fflt                                    0x08005049   Thumb Code    48  fflt_clz.o(x$fpl$fflt)
    __aeabi_ui2f                             0x08005079   Thumb Code     0  fflt_clz.o(x$fpl$ffltu)
    _ffltu                                   0x08005079   Thumb Code    38  fflt_clz.o(x$fpl$ffltu)
    _fcmpge                                  0x080050a1   Thumb Code   104  fgeqf.o(x$fpl$fgeqf)
    __aeabi_cfcmple                          0x08005109   Thumb Code     0  fleqf.o(x$fpl$fleqf)
    _fcmple                                  0x08005109   Thumb Code   104  fleqf.o(x$fpl$fleqf)
    __fpl_fcmple_InfNaN                      0x0800515b   Thumb Code     0  fleqf.o(x$fpl$fleqf)
    __aeabi_fmul                             0x08005171   Thumb Code     0  fmul.o(x$fpl$fmul)
    _fmul                                    0x08005171   Thumb Code   258  fmul.o(x$fpl$fmul)
    __fpl_fnaninf                            0x08005273   Thumb Code   140  fnaninf.o(x$fpl$fnaninf)
    _frem                                    0x08005301   Thumb Code   240  frem_clz.o(x$fpl$frem)
    __fpl_fretinf                            0x080053f5   Thumb Code    10  fretinf.o(x$fpl$fretinf)
    __aeabi_frsub                            0x080053ff   Thumb Code     0  faddsub_clz.o(x$fpl$frsb)
    _frsb                                    0x080053ff   Thumb Code    20  faddsub_clz.o(x$fpl$frsb)
    __aeabi_fsub                             0x08005415   Thumb Code     0  faddsub_clz.o(x$fpl$fsub)
    _fsub                                    0x08005415   Thumb Code   234  faddsub_clz.o(x$fpl$fsub)
    __fpl_return_NaN                         0x080054ff   Thumb Code   100  retnan.o(x$fpl$retnan)
    __ARM_scalbnf                            0x08005563   Thumb Code    76  scalbnf.o(x$fpl$scalbnf)
    __fpl_cmpreturn                          0x080055af   Thumb Code    48  trapv.o(x$fpl$trapveneer)
    __I$use$fp                               0x080055de   Number         0  usenofp.o(x$fpl$usenofp)
    AHBPrescTable                            0x08005722   Data          16  system_stm32f1xx.o(.rodata.AHBPrescTable)
    APBPrescTable                            0x08005732   Data           8  system_stm32f1xx.o(.rodata.APBPrescTable)
    pseudo_cos                               0x080064a8   Data        1024  audio.o(.rodata.pseudo_cos)
    Region$$Table$$Base                      0x080068e4   Number         0  anon$$obj.o(Region$$Table)
    Region$$Table$$Limit                     0x08006904   Number         0  anon$$obj.o(Region$$Table)
    octave_number                            0x20000000   Data           1  audio.o(.data..L_MergedGlobals)
    freq_notes                               0x20000004   Data          28  audio.o(.data..L_MergedGlobals)
    MUX_S0_Pin                               0x20000020   Data           2  main.o(.data..L_MergedGlobals)
    MUX_S1_Pin                               0x20000022   Data           2  main.o(.data..L_MergedGlobals)
    MUX_S2_Pin                               0x20000024   Data           2  main.o(.data..L_MergedGlobals)
    MUX_S3_Pin                               0x20000026   Data           2  main.o(.data..L_MergedGlobals)
    MUX_ENABLE_Pin                           0x20000028   Data           2  main.o(.data..L_MergedGlobals)
    uwTickFreq                               0x2000002c   Data           1  stm32f1xx_hal.o(.data..L_MergedGlobals)
    uwTickPrio                               0x20000030   Data           4  stm32f1xx_hal.o(.data..L_MergedGlobals)
    Font_11x18                               0x20000034   Data           8  ssd1306_fonts.o(.data.Font_11x18)
    SystemCoreClock                          0x2000003c   Data           4  system_stm32f1xx.o(.data.SystemCoreClock)
    display_mode                             0x20000040   Data           1  stm32f1xx_it.o(.data.display_mode)
    volume                                   0x20000041   Data           1  audio.o(.data.volume)
    __libspace_start                         0x20000048   Data          96  libspace.o(.bss)
    __temporary_stack_top$libspace           0x200000a8   Data           0  libspace.o(.bss)
    up_button                                0x200000b0   Data           1  stm32f1xx_it.o(.bss..L_MergedGlobals)
    down_button                              0x200000b1   Data           1  stm32f1xx_it.o(.bss..L_MergedGlobals)
    clock_TIM4                               0x200000b4   Data           4  stm32f1xx_it.o(.bss..L_MergedGlobals)
    MUX_SIGNAL_Pin                           0x200000b8   Data           2  main.o(.bss..L_MergedGlobals.1)
    clock                                    0x200000bc   Data           4  main.o(.bss..L_MergedGlobals.1)
    multiplexer                              0x200000c0   Data           4  main.o(.bss..L_MergedGlobals.1)
    states                                   0x200000c4   Data           7  main.o(.bss..L_MergedGlobals.1)
    edge                                     0x200000cc   Data          28  main.o(.bss..L_MergedGlobals.1)
    hadc1                                    0x200002e8   Data          48  adc.o(.bss.hadc1)
    hi2c1                                    0x20000318   Data          84  i2c.o(.bss.hi2c1)
    htim1                                    0x2000036c   Data          72  tim.o(.bss.htim1)
    htim2                                    0x200003b4   Data          72  tim.o(.bss.htim2)
    htim3                                    0x200003fc   Data          72  tim.o(.bss.htim3)
    htim4                                    0x20000444   Data          72  tim.o(.bss.htim4)
    uwTick                                   0x2000048c   Data           4  stm32f1xx_hal.o(.bss.uwTick)



==============================================================================

Memory Map of the image

  Image Entry point : 0x080000ed

  Load Region LR_IROM1 (Base: 0x08000000, Size: 0x00006950, Max: 0x00010000, ABSOLUTE)

    Execution Region ER_IROM1 (Exec base: 0x08000000, Load base: 0x08000000, Size: 0x00006904, Max: 0x00010000, ABSOLUTE)

    Exec Addr    Load Addr    Size         Type   Attr      Idx    E Section Name        Object

    0x08000000   0x08000000   0x000000ec   Data   RO            3    RESET               startup_stm32f103xb.o
    0x080000ec   0x080000ec   0x00000008   Code   RO         1234  * !!!main             c_w.l(__main.o)
    0x080000f4   0x080000f4   0x00000034   Code   RO         1597    !!!scatter          c_w.l(__scatter.o)
    0x08000128   0x08000128   0x0000001a   Code   RO         1599    !!handler_copy      c_w.l(__scatter_copy.o)
    0x08000142   0x08000142   0x00000002   PAD
    0x08000144   0x08000144   0x0000001c   Code   RO         1601    !!handler_zi        c_w.l(__scatter_zi.o)
    0x08000160   0x08000160   0x00000002   Code   RO         1526    .ARM.Collect$$libinit$$00000000  c_w.l(libinit.o)
    0x08000162   0x08000162   0x00000000   Code   RO         1332    .ARM.Collect$$libinit$$00000002  c_w.l(libinit2.o)
    0x08000162   0x08000162   0x00000000   Code   RO         1334    .ARM.Collect$$libinit$$00000004  c_w.l(libinit2.o)
    0x08000162   0x08000162   0x00000000   Code   RO         1336    .ARM.Collect$$libinit$$00000006  c_w.l(libinit2.o)
    0x08000162   0x08000162   0x00000008   Code   RO         1337    .ARM.Collect$$libinit$$00000007  c_w.l(libinit2.o)
    0x0800016a   0x0800016a   0x00000000   Code   RO         1339    .ARM.Collect$$libinit$$0000000C  c_w.l(libinit2.o)
    0x0800016a   0x0800016a   0x00000000   Code   RO         1341    .ARM.Collect$$libinit$$0000000E  c_w.l(libinit2.o)
    0x0800016a   0x0800016a   0x00000000   Code   RO         1343    .ARM.Collect$$libinit$$00000010  c_w.l(libinit2.o)
    0x0800016a   0x0800016a   0x00000000   Code   RO         1346    .ARM.Collect$$libinit$$00000013  c_w.l(libinit2.o)
    0x0800016a   0x0800016a   0x00000000   Code   RO         1348    .ARM.Collect$$libinit$$00000015  c_w.l(libinit2.o)
    0x0800016a   0x0800016a   0x00000000   Code   RO         1350    .ARM.Collect$$libinit$$00000017  c_w.l(libinit2.o)
    0x0800016a   0x0800016a   0x00000000   Code   RO         1352    .ARM.Collect$$libinit$$00000019  c_w.l(libinit2.o)
    0x0800016a   0x0800016a   0x00000000   Code   RO         1354    .ARM.Collect$$libinit$$0000001B  c_w.l(libinit2.o)
    0x0800016a   0x0800016a   0x00000000   Code   RO         1356    .ARM.Collect$$libinit$$0000001D  c_w.l(libinit2.o)
    0x0800016a   0x0800016a   0x00000000   Code   RO         1358    .ARM.Collect$$libinit$$0000001F  c_w.l(libinit2.o)
    0x0800016a   0x0800016a   0x00000000   Code   RO         1360    .ARM.Collect$$libinit$$00000021  c_w.l(libinit2.o)
    0x0800016a   0x0800016a   0x00000000   Code   RO         1362    .ARM.Collect$$libinit$$00000023  c_w.l(libinit2.o)
    0x0800016a   0x0800016a   0x00000000   Code   RO         1364    .ARM.Collect$$libinit$$00000025  c_w.l(libinit2.o)
    0x0800016a   0x0800016a   0x00000000   Code   RO         1366    .ARM.Collect$$libinit$$00000027  c_w.l(libinit2.o)
    0x0800016a   0x0800016a   0x00000000   Code   RO         1370    .ARM.Collect$$libinit$$0000002E  c_w.l(libinit2.o)
    0x0800016a   0x0800016a   0x00000000   Code   RO         1372    .ARM.Collect$$libinit$$00000030  c_w.l(libinit2.o)
    0x0800016a   0x0800016a   0x00000000   Code   RO         1374    .ARM.Collect$$libinit$$00000032  c_w.l(libinit2.o)
    0x0800016a   0x0800016a   0x00000000   Code   RO         1376    .ARM.Collect$$libinit$$00000034  c_w.l(libinit2.o)
    0x0800016a   0x0800016a   0x00000002   Code   RO         1377    .ARM.Collect$$libinit$$00000035  c_w.l(libinit2.o)
    0x0800016c   0x0800016c   0x00000002   Code   RO         1594    .ARM.Collect$$libshutdown$$00000000  c_w.l(libshutdown.o)
    0x0800016e   0x0800016e   0x00000000   Code   RO         1546    .ARM.Collect$$libshutdown$$00000002  c_w.l(libshutdown2.o)
    0x0800016e   0x0800016e   0x00000000   Code   RO         1548    .ARM.Collect$$libshutdown$$00000004  c_w.l(libshutdown2.o)
    0x0800016e   0x0800016e   0x00000000   Code   RO         1551    .ARM.Collect$$libshutdown$$00000007  c_w.l(libshutdown2.o)
    0x0800016e   0x0800016e   0x00000000   Code   RO         1554    .ARM.Collect$$libshutdown$$0000000A  c_w.l(libshutdown2.o)
    0x0800016e   0x0800016e   0x00000000   Code   RO         1556    .ARM.Collect$$libshutdown$$0000000C  c_w.l(libshutdown2.o)
    0x0800016e   0x0800016e   0x00000000   Code   RO         1559    .ARM.Collect$$libshutdown$$0000000F  c_w.l(libshutdown2.o)
    0x0800016e   0x0800016e   0x00000002   Code   RO         1560    .ARM.Collect$$libshutdown$$00000010  c_w.l(libshutdown2.o)
    0x08000170   0x08000170   0x00000000   Code   RO         1299    .ARM.Collect$$rtentry$$00000000  c_w.l(__rtentry.o)
    0x08000170   0x08000170   0x00000000   Code   RO         1448    .ARM.Collect$$rtentry$$00000002  c_w.l(__rtentry2.o)
    0x08000170   0x08000170   0x00000006   Code   RO         1460    .ARM.Collect$$rtentry$$00000004  c_w.l(__rtentry4.o)
    0x08000176   0x08000176   0x00000000   Code   RO         1450    .ARM.Collect$$rtentry$$00000009  c_w.l(__rtentry2.o)
    0x08000176   0x08000176   0x00000004   Code   RO         1451    .ARM.Collect$$rtentry$$0000000A  c_w.l(__rtentry2.o)
    0x0800017a   0x0800017a   0x00000000   Code   RO         1453    .ARM.Collect$$rtentry$$0000000C  c_w.l(__rtentry2.o)
    0x0800017a   0x0800017a   0x00000008   Code   RO         1454    .ARM.Collect$$rtentry$$0000000D  c_w.l(__rtentry2.o)
    0x08000182   0x08000182   0x00000002   Code   RO         1535    .ARM.Collect$$rtexit$$00000000  c_w.l(rtexit.o)
    0x08000184   0x08000184   0x00000000   Code   RO         1568    .ARM.Collect$$rtexit$$00000002  c_w.l(rtexit2.o)
    0x08000184   0x08000184   0x00000004   Code   RO         1569    .ARM.Collect$$rtexit$$00000003  c_w.l(rtexit2.o)
    0x08000188   0x08000188   0x00000006   Code   RO         1570    .ARM.Collect$$rtexit$$00000004  c_w.l(rtexit2.o)
    0x0800018e   0x0800018e   0x00000002   PAD
    0x08000190   0x08000190   0x00000040   Code   RO            4    .text               startup_stm32f103xb.o
    0x080001d0   0x080001d0   0x00000028   Code   RO         1166    .text               c_w.l(calloc.o)
    0x080001f8   0x080001f8   0x0000005e   Code   RO         1168    .text               c_w.l(h1_alloc.o)
    0x08000256   0x08000256   0x0000004e   Code   RO         1170    .text               c_w.l(h1_free.o)
    0x080002a4   0x080002a4   0x00000010   Code   RO         1228    .text               c_w.l(aeabi_memset4.o)
    0x080002b4   0x080002b4   0x0000004e   Code   RO         1230    .text               c_w.l(rt_memclr_w.o)
    0x08000302   0x08000302   0x00000006   Code   RO         1232    .text               c_w.l(heapauxi.o)
    0x08000308   0x08000308   0x00000008   Code   RO         1303    .text               c_w.l(rt_heap_descriptor_intlibspace.o)
    0x08000310   0x08000310   0x00000004   Code   RO         1305    .text               c_w.l(hguard.o)
    0x08000314   0x08000314   0x0000008a   Code   RO         1307    .text               c_w.l(init_alloc.o)
    0x0800039e   0x0800039e   0x0000000e   Code   RO         1311    .text               c_w.l(h1_init.o)
    0x080003ac   0x080003ac   0x00000016   Code   RO         1323    .text               c_w.l(_rserrno.o)
    0x080003c2   0x080003c2   0x00000044   Code   RO         1327    .text               c_w.l(rt_memclr.o)
    0x08000406   0x08000406   0x00000002   PAD
    0x08000408   0x08000408   0x00000008   Code   RO         1444    .text               c_w.l(libspace.o)
    0x08000410   0x08000410   0x00000008   Code   RO         1465    .text               c_w.l(rt_errno_addr_intlibspace.o)
    0x08000418   0x08000418   0x00000000   Code   RO         1469    .text               c_w.l(maybetermalloc1.o)
    0x08000418   0x08000418   0x00000034   Code   RO         1471    .text               c_w.l(h1_extend.o)
    0x0800044c   0x0800044c   0x0000000e   Code   RO         1475    .text               c_w.l(defsig_rtmem_outer.o)
    0x0800045a   0x0800045a   0x00000002   Code   RO         1502    .text               c_w.l(use_no_semi.o)
    0x0800045c   0x0800045c   0x00000000   Code   RO         1504    .text               c_w.l(indicate_semi.o)
    0x0800045c   0x0800045c   0x0000004a   Code   RO         1505    .text               c_w.l(sys_stackheap_outer.o)
    0x080004a6   0x080004a6   0x00000012   Code   RO         1511    .text               c_w.l(exit.o)
    0x080004b8   0x080004b8   0x0000000a   Code   RO         1513    .text               c_w.l(defsig_exit.o)
    0x080004c2   0x080004c2   0x00000002   PAD
    0x080004c4   0x080004c4   0x00000050   Code   RO         1515    .text               c_w.l(defsig_rtmem_inner.o)
    0x08000514   0x08000514   0x0000000c   Code   RO         1531    .text               c_w.l(sys_exit.o)
    0x08000520   0x08000520   0x00000032   Code   RO         1543    .text               c_w.l(defsig_general.o)
    0x08000552   0x08000552   0x0000000e   Code   RO         1563    .text               c_w.l(sys_wrch.o)
    0x08000560   0x08000560   0x00000054   Code   RO          284    .text.ADC_ConversionStop_Disable  stm32f1xx_hal_adc.o
    0x080005b4   0x080005b4   0x000000b6   Code   RO          292    .text.ADC_Enable    stm32f1xx_hal_adc.o
    0x0800066a   0x0800066a   0x00000002   PAD
    0x0800066c   0x0800066c   0x00000002   Code   RO          209    .text.BusFault_Handler  stm32f1xx_it.o
    0x0800066e   0x0800066e   0x00000002   PAD
    0x08000670   0x08000670   0x00000002   Code   RO          215    .text.DebugMon_Handler  stm32f1xx_it.o
    0x08000672   0x08000672   0x00000002   PAD
    0x08000674   0x08000674   0x0000000a   Code   RO          123    .text.Error_Handler  main.o
    0x0800067e   0x0800067e   0x00000002   PAD
    0x08000680   0x08000680   0x00000114   Code   RO          342    .text.HAL_ADCEx_Calibration_Start  stm32f1xx_hal_adc_ex.o
    0x08000794   0x08000794   0x0000018c   Code   RO          326    .text.HAL_ADC_ConfigChannel  stm32f1xx_hal_adc.o
    0x08000920   0x08000920   0x00000006   Code   RO          314    .text.HAL_ADC_GetValue  stm32f1xx_hal_adc.o
    0x08000926   0x08000926   0x00000002   PAD
    0x08000928   0x08000928   0x0000015c   Code   RO          280    .text.HAL_ADC_Init  stm32f1xx_hal_adc.o
    0x08000a84   0x08000a84   0x00000062   Code   RO          149    .text.HAL_ADC_MspInit  adc.o
    0x08000ae6   0x08000ae6   0x00000002   PAD
    0x08000ae8   0x08000ae8   0x00000268   Code   RO          296    .text.HAL_ADC_PollForConversion  stm32f1xx_hal_adc.o
    0x08000d50   0x08000d50   0x000000cc   Code   RO          290    .text.HAL_ADC_Start  stm32f1xx_hal_adc.o
    0x08000e1c   0x08000e1c   0x0000007e   Code   RO          294    .text.HAL_ADC_Stop  stm32f1xx_hal_adc.o
    0x08000e9a   0x08000e9a   0x00000002   PAD
    0x08000e9c   0x08000e9c   0x00000028   Code   RO          396    .text.HAL_Delay     stm32f1xx_hal.o
    0x08000ec4   0x08000ec4   0x0000021a   Code   RO          488    .text.HAL_GPIO_Init  stm32f1xx_hal_gpio.o
    0x080010de   0x080010de   0x00000002   PAD
    0x080010e0   0x080010e0   0x0000000a   Code   RO          492    .text.HAL_GPIO_ReadPin  stm32f1xx_hal_gpio.o
    0x080010ea   0x080010ea   0x00000002   PAD
    0x080010ec   0x080010ec   0x00000010   Code   RO          496    .text.HAL_GPIO_TogglePin  stm32f1xx_hal_gpio.o
    0x080010fc   0x080010fc   0x0000000a   Code   RO          494    .text.HAL_GPIO_WritePin  stm32f1xx_hal_gpio.o
    0x08001106   0x08001106   0x00000002   PAD
    0x08001108   0x08001108   0x0000000c   Code   RO          388    .text.HAL_GetTick   stm32f1xx_hal.o
    0x08001114   0x08001114   0x00000176   Code   RO          709    .text.HAL_I2C_Init  stm32f1xx_hal_i2c.o
    0x0800128a   0x0800128a   0x00000002   PAD
    0x0800128c   0x0800128c   0x000001da   Code   RO          749    .text.HAL_I2C_Mem_Write  stm32f1xx_hal_i2c.o
    0x08001466   0x08001466   0x00000002   PAD
    0x08001468   0x08001468   0x00000062   Code   RO          164    .text.HAL_I2C_MspInit  i2c.o
    0x080014ca   0x080014ca   0x00000002   PAD
    0x080014cc   0x080014cc   0x0000001a   Code   RO          386    .text.HAL_IncTick   stm32f1xx_hal.o
    0x080014e6   0x080014e6   0x00000002   PAD
    0x080014e8   0x080014e8   0x00000026   Code   RO          376    .text.HAL_Init      stm32f1xx_hal.o
    0x0800150e   0x0800150e   0x00000002   PAD
    0x08001510   0x08001510   0x00000048   Code   RO          378    .text.HAL_InitTick  stm32f1xx_hal.o
    0x08001558   0x08001558   0x00000042   Code   RO          242    .text.HAL_MspInit   stm32f1xx_hal_msp.o
    0x0800159a   0x0800159a   0x00000002   PAD
    0x0800159c   0x0800159c   0x00000026   Code   RO          548    .text.HAL_NVIC_EnableIRQ  stm32f1xx_hal_cortex.o
    0x080015c2   0x080015c2   0x00000002   PAD
    0x080015c4   0x080015c4   0x00000056   Code   RO          546    .text.HAL_NVIC_SetPriority  stm32f1xx_hal_cortex.o
    0x0800161a   0x0800161a   0x00000002   PAD
    0x0800161c   0x0800161c   0x00000020   Code   RO          544    .text.HAL_NVIC_SetPriorityGrouping  stm32f1xx_hal_cortex.o
    0x0800163c   0x0800163c   0x000000f0   Code   RO          478    .text.HAL_RCCEx_GetPeriphCLKFreq  stm32f1xx_hal_rcc_ex.o
    0x0800172c   0x0800172c   0x0000010a   Code   RO          474    .text.HAL_RCCEx_PeriphCLKConfig  stm32f1xx_hal_rcc_ex.o
    0x08001836   0x08001836   0x00000002   PAD
    0x08001838   0x08001838   0x000001be   Code   RO          440    .text.HAL_RCC_ClockConfig  stm32f1xx_hal_rcc.o
    0x080019f6   0x080019f6   0x00000002   PAD
    0x080019f8   0x080019f8   0x00000026   Code   RO          452    .text.HAL_RCC_GetPCLK1Freq  stm32f1xx_hal_rcc.o
    0x08001a1e   0x08001a1e   0x00000002   PAD
    0x08001a20   0x08001a20   0x00000026   Code   RO          454    .text.HAL_RCC_GetPCLK2Freq  stm32f1xx_hal_rcc.o
    0x08001a46   0x08001a46   0x00000002   PAD
    0x08001a48   0x08001a48   0x000003b4   Code   RO          438    .text.HAL_RCC_OscConfig  stm32f1xx_hal_rcc.o
    0x08001dfc   0x08001dfc   0x0000002c   Code   RO          556    .text.HAL_SYSTICK_Config  stm32f1xx_hal_cortex.o
    0x08001e28   0x08001e28   0x00000002   Code   RO         1147    .text.HAL_TIMEx_BreakCallback  stm32f1xx_hal_tim_ex.o
    0x08001e2a   0x08001e2a   0x00000002   PAD
    0x08001e2c   0x08001e2c   0x00000002   Code   RO         1143    .text.HAL_TIMEx_CommutCallback  stm32f1xx_hal_tim_ex.o
    0x08001e2e   0x08001e2e   0x00000002   PAD
    0x08001e30   0x08001e30   0x0000004c   Code   RO         1139    .text.HAL_TIMEx_ConfigBreakDeadTime  stm32f1xx_hal_tim_ex.o
    0x08001e7c   0x08001e7c   0x0000007a   Code   RO         1137    .text.HAL_TIMEx_MasterConfigSynchronization  stm32f1xx_hal_tim_ex.o
    0x08001ef6   0x08001ef6   0x00000002   PAD
    0x08001ef8   0x08001ef8   0x000000ec   Code   RO          843    .text.HAL_TIM_Base_Init  stm32f1xx_hal_tim.o
    0x08001fe4   0x08001fe4   0x000000f0   Code   RO          187    .text.HAL_TIM_Base_MspInit  tim.o
    0x080020d4   0x080020d4   0x0000006e   Code   RO          857    .text.HAL_TIM_Base_Start_IT  stm32f1xx_hal_tim.o
    0x08002142   0x08002142   0x00000002   PAD
    0x08002144   0x08002144   0x00000192   Code   RO         1023    .text.HAL_TIM_ConfigClockSource  stm32f1xx_hal_tim.o
    0x080022d6   0x080022d6   0x00000002   PAD
    0x080022d8   0x080022d8   0x00000002   Code   RO          979    .text.HAL_TIM_IC_CaptureCallback  stm32f1xx_hal_tim.o
    0x080022da   0x080022da   0x00000002   PAD
    0x080022dc   0x080022dc   0x00000170   Code   RO          977    .text.HAL_TIM_IRQHandler  stm32f1xx_hal_tim.o
    0x0800244c   0x0800244c   0x00000002   Code   RO          981    .text.HAL_TIM_OC_DelayElapsedCallback  stm32f1xx_hal_tim.o
    0x0800244e   0x0800244e   0x00000002   PAD
    0x08002450   0x08002450   0x000001fa   Code   RO          997    .text.HAL_TIM_PWM_ConfigChannel  stm32f1xx_hal_tim.o
    0x0800264a   0x0800264a   0x00000002   PAD
    0x0800264c   0x0800264c   0x000000ec   Code   RO          897    .text.HAL_TIM_PWM_Init  stm32f1xx_hal_tim.o
    0x08002738   0x08002738   0x00000002   Code   RO          899    .text.HAL_TIM_PWM_MspInit  stm32f1xx_hal_tim.o
    0x0800273a   0x0800273a   0x00000002   PAD
    0x0800273c   0x0800273c   0x00000002   Code   RO          983    .text.HAL_TIM_PWM_PulseFinishedCallback  stm32f1xx_hal_tim.o
    0x0800273e   0x0800273e   0x00000002   PAD
    0x08002740   0x08002740   0x000000de   Code   RO          905    .text.HAL_TIM_PWM_Start  stm32f1xx_hal_tim.o
    0x0800281e   0x0800281e   0x00000002   PAD
    0x08002820   0x08002820   0x00000002   Code   RO          985    .text.HAL_TIM_PeriodElapsedCallback  stm32f1xx_hal_tim.o
    0x08002822   0x08002822   0x00000002   PAD
    0x08002824   0x08002824   0x00000002   Code   RO          987    .text.HAL_TIM_TriggerCallback  stm32f1xx_hal_tim.o
    0x08002826   0x08002826   0x00000002   PAD
    0x08002828   0x08002828   0x00000002   Code   RO          205    .text.HardFault_Handler  stm32f1xx_it.o
    0x0800282a   0x0800282a   0x00000002   PAD
    0x0800282c   0x0800282c   0x00000272   Code   RO          751    .text.I2C_RequestMemoryWrite  stm32f1xx_hal_i2c.o
    0x08002a9e   0x08002a9e   0x00000002   PAD
    0x08002aa0   0x08002aa0   0x000000a8   Code   RO          721    .text.I2C_WaitOnBTFFlagUntilTimeout  stm32f1xx_hal_i2c.o
    0x08002b48   0x08002b48   0x00000058   Code   RO          147    .text.MX_ADC1_Init  adc.o
    0x08002ba0   0x08002ba0   0x000000b4   Code   RO          138    .text.MX_GPIO_Init  gpio.o
    0x08002c54   0x08002c54   0x00000042   Code   RO          162    .text.MX_I2C1_Init  i2c.o
    0x08002c96   0x08002c96   0x00000002   PAD
    0x08002c98   0x08002c98   0x00000154   Code   RO          177    .text.MX_TIM1_Init  tim.o
    0x08002dec   0x08002dec   0x00000074   Code   RO          181    .text.MX_TIM2_Init  tim.o
    0x08002e60   0x08002e60   0x00000074   Code   RO          183    .text.MX_TIM3_Init  tim.o
    0x08002ed4   0x08002ed4   0x00000076   Code   RO          185    .text.MX_TIM4_Init  tim.o
    0x08002f4a   0x08002f4a   0x00000002   PAD
    0x08002f4c   0x08002f4c   0x00000002   Code   RO          207    .text.MemManage_Handler  stm32f1xx_it.o
    0x08002f4e   0x08002f4e   0x00000002   PAD
    0x08002f50   0x08002f50   0x00000002   Code   RO          203    .text.NMI_Handler   stm32f1xx_it.o
    0x08002f52   0x08002f52   0x00000002   PAD
    0x08002f54   0x08002f54   0x00000002   Code   RO          217    .text.PendSV_Handler  stm32f1xx_it.o
    0x08002f56   0x08002f56   0x00000002   PAD
    0x08002f58   0x08002f58   0x00000002   Code   RO          213    .text.SVC_Handler   stm32f1xx_it.o
    0x08002f5a   0x08002f5a   0x00000002   PAD
    0x08002f5c   0x08002f5c   0x00000004   Code   RO          219    .text.SysTick_Handler  stm32f1xx_it.o
    0x08002f60   0x08002f60   0x00000002   Code   RO          251    .text.SystemInit    system_stm32f1xx.o
    0x08002f62   0x08002f62   0x00000002   PAD
    0x08002f64   0x08002f64   0x00000016   Code   RO          221    .text.TIM2_IRQHandler  stm32f1xx_it.o
    0x08002f7a   0x08002f7a   0x00000002   PAD
    0x08002f7c   0x08002f7c   0x0000001e   Code   RO          223    .text.TIM3_IRQHandler  stm32f1xx_it.o
    0x08002f9a   0x08002f9a   0x00000002   PAD
    0x08002f9c   0x08002f9c   0x00000126   Code   RO          225    .text.TIM4_IRQHandler  stm32f1xx_it.o
    0x080030c2   0x080030c2   0x00000002   PAD
    0x080030c4   0x080030c4   0x00000002   Code   RO          211    .text.UsageFault_Handler  stm32f1xx_it.o
    0x080030c6   0x080030c6   0x00000002   PAD
    0x080030c8   0x080030c8   0x0000027a   Code   RO          125    .text.calibrate     main.o
    0x08003342   0x08003342   0x00000002   PAD
    0x08003344   0x08003344   0x0000007e   Code   RO           27    .text.change_octave  audio.o
    0x080033c2   0x080033c2   0x00000002   PAD
    0x080033c4   0x080033c4   0x00000028   Code   RO           29    .text.change_volume  audio.o
    0x080033ec   0x080033ec   0x00000008   Code   RO           31    .text.create_sound  audio.o
    0x080033f4   0x080033f4   0x00000044   Code   RO           11    .text.initMultiplexer  cd74hc4067.o
    0x08003438   0x08003438   0x000001be   Code   RO          119    .text.main          main.o
    0x080035f6   0x080035f6   0x00000002   PAD
    0x080035f8   0x080035f8   0x00000018   Code   RO           13    .text.setEnableMultiplexer  cd74hc4067.o
    0x08003610   0x08003610   0x00000046   Code   RO           15    .text.setMultiplexerChannel  cd74hc4067.o
    0x08003656   0x08003656   0x00000002   PAD
    0x08003658   0x08003658   0x00000132   Code   RO           35    .text.signal        audio.o
    0x0800378a   0x0800378a   0x00000002   PAD
    0x0800378c   0x0800378c   0x0000001c   Code   RO           77    .text.ssd1306_Fill  ssd1306.o
    0x080037a8   0x080037a8   0x000002ea   Code   RO           71    .text.ssd1306_Init  ssd1306.o
    0x08003a92   0x08003a92   0x00000002   PAD
    0x08003a94   0x08003a94   0x0000000e   Code   RO           87    .text.ssd1306_SetCursor  ssd1306.o
    0x08003aa2   0x08003aa2   0x00000002   PAD
    0x08003aa4   0x08003aa4   0x000001a6   Code   RO           79    .text.ssd1306_UpdateScreen  ssd1306.o
    0x08003c4a   0x08003c4a   0x00000002   PAD
    0x08003c4c   0x08003c4c   0x00000288   Code   RO           83    .text.ssd1306_WriteChar  ssd1306.o
    0x08003ed4   0x08003ed4   0x0000003c   Code   RO           85    .text.ssd1306_WriteString  ssd1306.o
    0x08003f10   0x08003f10   0x0000005e   Code   RO           39    .text.summ_in_time  audio.o
    0x08003f6e   0x08003f6e   0x00000002   PAD
    0x08003f70   0x08003f70   0x000001fc   Code   RO          229    .text.update_display  stm32f1xx_it.o
    0x0800416c   0x0800416c   0x00000216   Code   RO          227    .text.update_state  stm32f1xx_it.o
    0x08004382   0x08004382   0x00000002   PAD
    0x08004384   0x08004384   0x00000234   Code   RO           33    .text.wait          audio.o
    0x080045b8   0x080045b8   0x00000026   Code   RO         1416    i.__ARM_fpclassifyf  m_ws.l(fpclassifyf.o)
    0x080045de   0x080045de   0x0000000a   Code   RO         1418    i.__mathlib_flt_divzero  m_ws.l(funder.o)
    0x080045e8   0x080045e8   0x00000004   Code   RO         1420    i.__mathlib_flt_infnan2  m_ws.l(funder.o)
    0x080045ec   0x080045ec   0x00000008   Code   RO         1421    i.__mathlib_flt_invalid  m_ws.l(funder.o)
    0x080045f4   0x080045f4   0x0000000a   Code   RO         1422    i.__mathlib_flt_overflow  m_ws.l(funder.o)
    0x080045fe   0x080045fe   0x0000000a   Code   RO         1424    i.__mathlib_flt_underflow  m_ws.l(funder.o)
    0x08004608   0x08004608   0x0000006c   Code   RO         1285    i.fmodf             m_ws.l(fmodf.o)
    0x08004674   0x08004674   0x00000620   Code   RO         1289    i.powf              m_ws.l(powf.o)
    0x08004c94   0x08004c94   0x000000c4   Code   RO         1256    x$fpl$fadd          fz_ws.l(faddsub_clz.o)
    0x08004d58   0x08004d58   0x0000000c   Code   RO         1490    x$fpl$fcheck1       fz_ws.l(fcheck1.o)
    0x08004d64   0x08004d64   0x00000054   Code   RO         1262    x$fpl$fcmp          fz_ws.l(fcmp.o)
    0x08004db8   0x08004db8   0x00000018   Code   RO         1492    x$fpl$fcmpinf       fz_ws.l(fcmpi.o)
    0x08004dd0   0x08004dd0   0x00000184   Code   RO         1265    x$fpl$fdiv          fz_ws.l(fdiv.o)
    0x08004f54   0x08004f54   0x00000068   Code   RO         1382    x$fpl$feqf          fz_ws.l(feqf.o)
    0x08004fbc   0x08004fbc   0x00000036   Code   RO         1268    x$fpl$ffix          fz_ws.l(ffix.o)
    0x08004ff2   0x08004ff2   0x00000002   PAD
    0x08004ff4   0x08004ff4   0x00000052   Code   RO         1269    x$fpl$ffixr         fz_ws.l(ffix.o)
    0x08005046   0x08005046   0x00000002   PAD
    0x08005048   0x08005048   0x00000030   Code   RO         1273    x$fpl$fflt          fz_ws.l(fflt_clz.o)
    0x08005078   0x08005078   0x00000026   Code   RO         1272    x$fpl$ffltu         fz_ws.l(fflt_clz.o)
    0x0800509e   0x0800509e   0x00000002   PAD
    0x080050a0   0x080050a0   0x00000068   Code   RO         1384    x$fpl$fgeqf         fz_ws.l(fgeqf.o)
    0x08005108   0x08005108   0x00000068   Code   RO         1386    x$fpl$fleqf         fz_ws.l(fleqf.o)
    0x08005170   0x08005170   0x00000102   Code   RO         1278    x$fpl$fmul          fz_ws.l(fmul.o)
    0x08005272   0x08005272   0x0000008c   Code   RO         1388    x$fpl$fnaninf       fz_ws.l(fnaninf.o)
    0x080052fe   0x080052fe   0x00000002   PAD
    0x08005300   0x08005300   0x000000f4   Code   RO         1390    x$fpl$frem          fz_ws.l(frem_clz.o)
    0x080053f4   0x080053f4   0x0000000a   Code   RO         1392    x$fpl$fretinf       fz_ws.l(fretinf.o)
    0x080053fe   0x080053fe   0x00000014   Code   RO         1257    x$fpl$frsb          fz_ws.l(faddsub_clz.o)
    0x08005412   0x08005412   0x00000002   PAD
    0x08005414   0x08005414   0x000000ea   Code   RO         1258    x$fpl$fsub          fz_ws.l(faddsub_clz.o)
    0x080054fe   0x080054fe   0x00000064   Code   RO         1529    x$fpl$retnan        fz_ws.l(retnan.o)
    0x08005562   0x08005562   0x0000004c   Code   RO         1396    x$fpl$scalbnf       fz_ws.l(scalbnf.o)
    0x080055ae   0x080055ae   0x00000030   Code   RO         1561    x$fpl$trapveneer    fz_ws.l(trapv.o)
    0x080055de   0x080055de   0x00000000   Code   RO         1398    x$fpl$usenofp       fz_ws.l(usenofp.o)
    0x080055de   0x080055de   0x00000002   PAD
    0x080055e0   0x080055e0   0x00000140   Data   RO         1290    .constdata          m_ws.l(powf.o)
    0x08005720   0x08005720   0x00000002   Data   RO          465    .rodata..L__const.HAL_RCC_GetSysClockFreq.aPredivFactorTable  stm32f1xx_hal_rcc.o
    0x08005722   0x08005722   0x00000010   Data   RO          256    .rodata.AHBPrescTable  system_stm32f1xx.o
    0x08005732   0x08005732   0x00000008   Data   RO          257    .rodata.APBPrescTable  system_stm32f1xx.o
    0x0800573a   0x0800573a   0x00000d5c   Data   RO           57    .rodata.Font11x18   ssd1306_fonts.o
    0x08006496   0x08006496   0x00000010   Data   RO          464    .rodata.cst16       stm32f1xx_hal_rcc.o
    0x080064a6   0x080064a6   0x00000002   PAD
    0x080064a8   0x080064a8   0x00000400   Data   RO           43    .rodata.pseudo_cos  audio.o
    0x080068a8   0x080068a8   0x0000003c   Data   RO          232    .rodata.str1.1      stm32f1xx_it.o
    0x080068e4   0x080068e4   0x00000020   Data   RO         1596    Region$$Table       anon$$obj.o


    Execution Region RW_IRAM1 (Exec base: 0x20000000, Load base: 0x08006908, Size: 0x00000a90, Max: 0x00005000, ABSOLUTE)

    Exec Addr    Load Addr    Size         Type   Attr      Idx    E Section Name        Object

    0x20000000   0x08006908   0x00000020   Data   RW           46    .data..L_MergedGlobals  audio.o
    0x20000020   0x08006928   0x0000000a   Data   RW          128    .data..L_MergedGlobals  main.o
    0x2000002a   0x08006932   0x00000002   PAD
    0x2000002c   0x08006934   0x00000008   Data   RW          427    .data..L_MergedGlobals  stm32f1xx_hal.o
    0x20000034   0x0800693c   0x00000008   Data   RW           56    .data.Font_11x18    ssd1306_fonts.o
    0x2000003c   0x08006944   0x00000004   Data   RW          255    .data.SystemCoreClock  system_stm32f1xx.o
    0x20000040   0x08006948   0x00000001   Data   RW          231    .data.display_mode  stm32f1xx_it.o
    0x20000041   0x08006949   0x00000001   Data   RW           45    .data.volume        audio.o
    0x20000042   0x0800694a   0x00000006   PAD
    0x20000048        -       0x00000060   Zero   RW         1445    .bss                c_w.l(libspace.o)
    0x200000a8        -       0x00000006   Zero   RW          110    .bss..L_MergedGlobals  ssd1306.o
    0x200000ae   0x0800694a   0x00000002   PAD
    0x200000b0        -       0x00000008   Zero   RW          233    .bss..L_MergedGlobals  stm32f1xx_it.o
    0x200000b8        -       0x00000030   Zero   RW          129    .bss..L_MergedGlobals.1  main.o
    0x200000e8        -       0x00000200   Zero   RW          109    .bss.SSD1306_Buffer  ssd1306.o
    0x200002e8        -       0x00000030   Zero   RW          153    .bss.hadc1          adc.o
    0x20000318        -       0x00000054   Zero   RW          168    .bss.hi2c1          i2c.o
    0x2000036c        -       0x00000048   Zero   RW          191    .bss.htim1          tim.o
    0x200003b4        -       0x00000048   Zero   RW          192    .bss.htim2          tim.o
    0x200003fc        -       0x00000048   Zero   RW          193    .bss.htim3          tim.o
    0x20000444        -       0x00000048   Zero   RW          194    .bss.htim4          tim.o
    0x2000048c        -       0x00000004   Zero   RW          426    .bss.uwTick         stm32f1xx_hal.o
    0x20000490        -       0x00000200   Zero   RW            2    HEAP                startup_stm32f103xb.o
    0x20000690        -       0x00000400   Zero   RW            1    STACK               startup_stm32f103xb.o


==============================================================================

Image component sizes


      Code (inc. data)   RO Data    RW Data    ZI Data      Debug   Object Name

       186          0          0          0         48       4014   adc.o
      1138          0       1024         33          0       4579   audio.o
       162          0          0          0          0       2855   cd74hc4067.o
       180          0          0          0          0       1563   gpio.o
       164          0          0          0         84       4411   i2c.o
      1090          0          0         10         48       6331   main.o
      1918          0          0          0        518      22404   ssd1306.o
         0          0       3420          8          0        727   ssd1306_fonts.o
        64         26        236          0       1536        784   startup_stm32f103xb.o
       188          0          0          8          4       5731   stm32f1xx_hal.o
      1962          0          0          0          0      13111   stm32f1xx_hal_adc.o
       276          0          0          0          0       9490   stm32f1xx_hal_adc_ex.o
       200          0          0          0          0       8489   stm32f1xx_hal_cortex.o
       574         22          0          0          0       4534   stm32f1xx_hal_gpio.o
      1642          0          0          0          0      53253   stm32f1xx_hal_i2c.o
        66          0          0          0          0       1185   stm32f1xx_hal_msp.o
      1470          0         18          0          0       7652   stm32f1xx_hal_rcc.o
       506         20          0          0          0       3548   stm32f1xx_hal_rcc_ex.o
      2092          4          0          0          0      54372   stm32f1xx_hal_tim.o
       202          0          0          0          0      20402   stm32f1xx_hal_tim_ex.o
      1408        356         60          1          8       5063   stm32f1xx_it.o
         2          0         24          4          0       1611   system_stm32f1xx.o
       930          0          0          0        288       8215   tim.o

    ----------------------------------------------------------------------
     16536        428       4816         68       2540     244324   Object Totals
         0          0         32          0          0          0   (incl. Generated)
       116          0          2          4          6          0   (incl. Padding)

    ----------------------------------------------------------------------

      Code (inc. data)   RO Data    RW Data    ZI Data      Debug   Library Member Name

         8          0          0          0          0         68   __main.o
         0          0          0          0          0          0   __rtentry.o
        12          0          0          0          0          0   __rtentry2.o
         6          0          0          0          0          0   __rtentry4.o
        52          8          0          0          0          0   __scatter.o
        26          0          0          0          0          0   __scatter_copy.o
        28          0          0          0          0          0   __scatter_zi.o
        22          0          0          0          0        100   _rserrno.o
        16          0          0          0          0         68   aeabi_memset4.o
        40          0          0          0          0         80   calloc.o
        10          0          0          0          0         68   defsig_exit.o
        50          0          0          0          0         88   defsig_general.o
        80         58          0          0          0         76   defsig_rtmem_inner.o
        14          0          0          0          0         80   defsig_rtmem_outer.o
        18          0          0          0          0         80   exit.o
        94          0          0          0          0         80   h1_alloc.o
        52          0          0          0          0         68   h1_extend.o
        78          0          0          0          0         80   h1_free.o
        14          0          0          0          0         84   h1_init.o
         6          0          0          0          0        152   heapauxi.o
         4          0          0          0          0        136   hguard.o
         0          0          0          0          0          0   indicate_semi.o
       138          0          0          0          0        168   init_alloc.o
         2          0          0          0          0          0   libinit.o
        10          0          0          0          0          0   libinit2.o
         2          0          0          0          0          0   libshutdown.o
         2          0          0          0          0          0   libshutdown2.o
         8          4          0          0         96         68   libspace.o
         0          0          0          0          0          0   maybetermalloc1.o
         8          4          0          0          0         68   rt_errno_addr_intlibspace.o
         8          4          0          0          0         68   rt_heap_descriptor_intlibspace.o
        68          0          0          0          0         68   rt_memclr.o
        78          0          0          0          0         80   rt_memclr_w.o
         2          0          0          0          0          0   rtexit.o
        10          0          0          0          0          0   rtexit2.o
        12          4          0          0          0         68   sys_exit.o
        74          0          0          0          0         80   sys_stackheap_outer.o
        14          0          0          0          0         76   sys_wrch.o
         2          0          0          0          0         68   use_no_semi.o
       450          8          0          0          0        236   faddsub_clz.o
        12          4          0          0          0         68   fcheck1.o
        84          0          0          0          0        196   fcmp.o
        24          0          0          0          0         68   fcmpi.o
       388         76          0          0          0         96   fdiv.o
       104          4          0          0          0         84   feqf.o
       136          8          0          0          0        168   ffix.o
        86          0          0          0          0        136   fflt_clz.o
       104          4          0          0          0         84   fgeqf.o
       104          4          0          0          0         84   fleqf.o
       258          4          0          0          0         84   fmul.o
       140          4          0          0          0         84   fnaninf.o
       244          8          0          0          0         84   frem_clz.o
        10          0          0          0          0         68   fretinf.o
       100          0          0          0          0         68   retnan.o
        76          0          0          0          0         68   scalbnf.o
        48          0          0          0          0         68   trapv.o
         0          0          0          0          0          0   usenofp.o
       108          0          0          0          0         96   fmodf.o
        38          0          0          0          0         68   fpclassifyf.o
        42          0          0          0          0        340   funder.o
      1568         80        320          0          0        224   powf.o

    ----------------------------------------------------------------------
      5212        286        320          0         96       4592   Library Totals
        20          0          0          0          0          0   (incl. Padding)

    ----------------------------------------------------------------------

      Code (inc. data)   RO Data    RW Data    ZI Data      Debug   Library Name

      1068         82          0          0         96       2120   c_w.l
      2368        124          0          0          0       1744   fz_ws.l
      1756         80        320          0          0        728   m_ws.l

    ----------------------------------------------------------------------
      5212        286        320          0         96       4592   Library Totals

    ----------------------------------------------------------------------

==============================================================================


      Code (inc. data)   RO Data    RW Data    ZI Data      Debug   

     21748        714       5136         68       2636     245912   Grand Totals
     21748        714       5136         68       2636     245912   ELF Image Totals
     21748        714       5136         68          0          0   ROM Totals

==============================================================================

    Total RO  Size (Code + RO Data)                26884 (  26.25kB)
    Total RW  Size (RW Data + ZI Data)              2704 (   2.64kB)
    Total ROM Size (Code + RO Data + RW Data)      26952 (  26.32kB)

==============================================================================

